Component: Arm Compiler for Embedded 6.19 Tool: armlink [5e73cb00]

==============================================================================

Section Cross References

    main.o(.text.main) refers to main.o(.rodata.str1.1) for .L.str
    main.o(.text.main) refers to lpuart_function.o(.text.LPUART_RxTx_Config) for LPUART_RxTx_Config
    main.o(.text.main) refers to clock.o(.text.Init_Available_Peripheral_Clock) for Init_Available_Peripheral_Clock
    main.o(.text.main) refers to basic_function.o(.text.NVIC) for NVIC
    main.o(.text.main) refers to lpuart_function.o(.text.Clock_Source_LPUART) for Clock_Source_LPUART
    main.o(.text.main) refers to lpuart_function.o(.text.Set_Baud_Rate) for Set_Baud_Rate
    main.o(.text.main) refers to lpuart_function.o(.text.Set_Frame) for Set_Frame
    main.o(.text.main) refers to lpuart_function.o(.text.LPUART_Interrupt) for LPUART_Interrupt
    main.o(.text.main) refers to lpuart_function.o(.text.Enable_LPUART) for Enable_LPUART
    main.o(.text.main) refers to lpspi.o(.text.Setting_LPSPI_Pin) for Setting_LPSPI_Pin
    main.o(.text.main) refers to lpspi.o(.text.Clock_Source_LPSPI) for Clock_Source_LPSPI
    main.o(.text.main) refers to lpspi.o(.text.LPSPI_Setting_Clock) for LPSPI_Setting_Clock
    main.o(.text.main) refers to lpspi.o(.text.LPSPI_CPOL_CPHA) for LPSPI_CPOL_CPHA
    main.o(.text.main) refers to lpspi.o(.text.LPSPI_Frame_Data) for LPSPI_Frame_Data
    main.o(.text.main) refers to lpspi.o(.text.Config_LPSPI_PCS) for Config_LPSPI_PCS
    main.o(.text.main) refers to lpspi.o(.text.LPSPI_Transmit_Receive_FIFO) for LPSPI_Transmit_Receive_FIFO
    main.o(.text.main) refers to lpspi.o(.text.LPSPI_Config_Mode) for LPSPI_Config_Mode
    main.o(.text.main) refers to lpspi.o(.text.Enable_LPSPI) for Enable_LPSPI
    main.o(.text.main) refers to mock_function.o(.text.Transmit) for Transmit
    main.o(.text.main) refers to basic_function.o(.text.Gpio_Init) for Gpio_Init
    main.o(.text.main) refers to basic_function.o(.text.Gpio_SetMode) for Gpio_SetMode
    main.o(.text.main) refers to lpit.o(.text.LPIT_Init) for LPIT_Init
    main.o(.text.main) refers to lpit.o(.text.LPIT_Initilazation) for LPIT_Initilazation
    main.o(.text.main) refers to lpit.o(.text.LPIT_Config) for LPIT_Config
    main.o(.text.main) refers to irq_function.o(.bss.cButton2) for cButton2
    main.o(.text.main) refers to irq_function.o(.bss.cButton1) for cButton1
    main.o(.text.main) refers to mock_function.o(.text.Display_Date) for Display_Date
    main.o(.text.main) refers to mock_function.o(.text.Check_Alarm_Time) for Check_Alarm_Time
    main.o(.text.main) refers to mock_function.o(.text.Receive_Time_Data) for Receive_Time_Data
    main.o(.text.main) refers to mock_function.o(.text.Count_Date_Time) for Count_Date_Time
    main.o(.text.main) refers to mock_function.o(.text.Display_Time) for Display_Time
    main.o(.ARM.exidx.text.main) refers to main.o(.text.main) for [Anonymous Symbol]
    basic_function.o(.ARM.exidx.text.SetClearBit) refers to basic_function.o(.text.SetClearBit) for [Anonymous Symbol]
    basic_function.o(.text.SetClearListOfBit) refers to strlen.o(.text) for strlen
    basic_function.o(.ARM.exidx.text.SetClearListOfBit) refers to basic_function.o(.text.SetClearListOfBit) for [Anonymous Symbol]
    basic_function.o(.ARM.exidx.text.CheckBit) refers to basic_function.o(.text.CheckBit) for [Anonymous Symbol]
    basic_function.o(.ARM.exidx.text.Gpio_Init) refers to basic_function.o(.text.Gpio_Init) for [Anonymous Symbol]
    basic_function.o(.text.Gpio_SetMode) refers to basic_function.o(.rodata.str1.1) for .L.str.6
    basic_function.o(.text.Gpio_SetMode) refers to strlen.o(.text) for strlen
    basic_function.o(.ARM.exidx.text.Gpio_SetMode) refers to basic_function.o(.text.Gpio_SetMode) for [Anonymous Symbol]
    basic_function.o(.ARM.exidx.text.Gpio_WriteChannel) refers to basic_function.o(.text.Gpio_WriteChannel) for [Anonymous Symbol]
    basic_function.o(.ARM.exidx.text.Gpio_ReadChannel) refers to basic_function.o(.text.Gpio_ReadChannel) for [Anonymous Symbol]
    basic_function.o(.ARM.exidx.text.NVIC) refers to basic_function.o(.text.NVIC) for [Anonymous Symbol]
    clock.o(.text.Init_Available_Peripheral_Clock) refers to basic_function.o(.text.SetClearBit) for SetClearBit
    clock.o(.text.Init_Available_Peripheral_Clock) refers to basic_function.o(.text.SetClearListOfBit) for SetClearListOfBit
    clock.o(.ARM.exidx.text.Init_Available_Peripheral_Clock) refers to clock.o(.text.Init_Available_Peripheral_Clock) for [Anonymous Symbol]
    clock.o(.text.Init_SOSC_Peripheral_Clock) refers to basic_function.o(.text.SetClearBit) for SetClearBit
    clock.o(.text.Init_SOSC_Peripheral_Clock) refers to basic_function.o(.text.SetClearListOfBit) for SetClearListOfBit
    clock.o(.ARM.exidx.text.Init_SOSC_Peripheral_Clock) refers to clock.o(.text.Init_SOSC_Peripheral_Clock) for [Anonymous Symbol]
[...]
    libinit.o(.ARM.Collect$$libinit$$00000000) refers (Special) to libinit2.o(.ARM.Collect$$libinit$$00000032) for __rt_lib_init_exceptions_1
    libinit.o(.ARM.Collect$$libinit$$00000000) refers (Special) to libinit2.o(.ARM.Collect$$libinit$$00000001) for __rt_lib_init_fp_1
    libinit.o(.ARM.Collect$$libinit$$00000000) refers (Special) to libinit2.o(.ARM.Collect$$libinit$$00000021) for __rt_lib_init_fp_trap_1
    libinit.o(.ARM.Collect$$libinit$$00000000) refers (Special) to libinit2.o(.ARM.Collect$$libinit$$00000025) for __rt_lib_init_getenv_1
    libinit.o(.ARM.Collect$$libinit$$00000000) refers (Special) to libinit2.o(.ARM.Collect$$libinit$$0000000C) for __rt_lib_init_heap_1
    libinit.o(.ARM.Collect$$libinit$$00000000) refers (Special) to libinit2.o(.ARM.Collect$$libinit$$00000013) for __rt_lib_init_lc_collate_1
    libinit.o(.ARM.Collect$$libinit$$00000000) refers (Special) to libinit2.o(.ARM.Collect$$libinit$$00000015) for __rt_lib_init_lc_ctype_1
    libinit.o(.ARM.Collect$$libinit$$00000000) refers (Special) to libinit2.o(.ARM.Collect$$libinit$$00000017) for __rt_lib_init_lc_monetary_1
    libinit.o(.ARM.Collect$$libinit$$00000000) refers (Special) to libinit2.o(.ARM.Collect$$libinit$$00000019) for __rt_lib_init_lc_numeric_1
    libinit.o(.ARM.Collect$$libinit$$00000000) refers (Special) to libinit2.o(.ARM.Collect$$libinit$$0000001B) for __rt_lib_init_lc_time_1
    libinit.o(.ARM.Collect$$libinit$$00000000) refers (Special) to libinit2.o(.ARM.Collect$$libinit$$00000006) for __rt_lib_init_preinit_1
    libinit.o(.ARM.Collect$$libinit$$00000000) refers (Special) to libinit2.o(.ARM.Collect$$libinit$$00000010) for __rt_lib_init_rand_1
    libinit.o(.ARM.Collect$$libinit$$00000000) refers (Special) to libinit2.o(.ARM.Collect$$libinit$$00000004) for __rt_lib_init_relocate_pie_1
    libinit.o(.ARM.Collect$$libinit$$00000000) refers (Special) to libinit2.o(.ARM.Collect$$libinit$$00000035) for __rt_lib_init_return
    libinit.o(.ARM.Collect$$libinit$$00000000) refers (Special) to libinit2.o(.ARM.Collect$$libinit$$0000001F) for __rt_lib_init_signal_1
    libinit.o(.ARM.Collect$$libinit$$00000000) refers (Special) to libinit2.o(.ARM.Collect$$libinit$$00000027) for __rt_lib_init_stdio_1
    libinit.o(.ARM.Collect$$libinit$$00000000) refers (Special) to libinit2.o(.ARM.Collect$$libinit$$0000000E) for __rt_lib_init_user_alloc_1
    libspace.o(.text) refers to libspace.o(.bss) for __libspace_start
    sys_stackheap.o(.text) refers (Special) to indicate_semi.o(.text) for __semihosting_library_function
    sys_stackheap.o(.text) refers to use_no_semi.o(.text) for __I$use$semihosting
    sys_stackheap_hlt.o(.text) refers (Special) to indicate_semi.o(.text) for __semihosting_library_function
    sys_stackheap_hlt.o(.text) refers to use_no_semi.o(.text) for __I$use$semihosting
    rtexit.o(.ARM.Collect$$rtexit$$00000000) refers (Special) to rtexit2.o(.ARM.Collect$$rtexit$$00000004) for __rt_exit_exit
    rtexit.o(.ARM.Collect$$rtexit$$00000000) refers (Special) to rtexit2.o(.ARM.Collect$$rtexit$$00000003) for __rt_exit_ls
    rtexit.o(.ARM.Collect$$rtexit$$00000000) refers (Special) to rtexit2.o(.ARM.Collect$$rtexit$$00000002) for __rt_exit_prels_1
    rtexit.o(.ARM.exidx) refers (Special) to rtexit2.o(.ARM.Collect$$rtexit$$00000004) for __rt_exit_exit
    rtexit.o(.ARM.exidx) refers (Special) to rtexit2.o(.ARM.Collect$$rtexit$$00000003) for __rt_exit_ls
    rtexit.o(.ARM.exidx) refers (Special) to rtexit2.o(.ARM.Collect$$rtexit$$00000002) for __rt_exit_prels_1
    rtexit.o(.ARM.exidx) refers to rtexit.o(.ARM.Collect$$rtexit$$00000000) for .ARM.Collect$$rtexit$$00000000
    libinit2.o(.ARM.Collect$$libinit$$00000001) refers to fpinit.o(x$fpl$fpinit) for _fp_init
    libinit2.o(.ARM.Collect$$libinit$$00000012) refers to libinit2.o(.ARM.Collect$$libinit$$00000011) for .ARM.Collect$$libinit$$00000011
    libinit2.o(.ARM.Collect$$libinit$$00000014) refers to libinit2.o(.ARM.Collect$$libinit$$00000011) for .ARM.Collect$$libinit$$00000011
    libinit2.o(.ARM.Collect$$libinit$$00000016) refers to libinit2.o(.ARM.Collect$$libinit$$00000011) for .ARM.Collect$$libinit$$00000011
    libinit2.o(.ARM.Collect$$libinit$$00000018) refers to libinit2.o(.ARM.Collect$$libinit$$00000011) for .ARM.Collect$$libinit$$00000011
    libinit2.o(.ARM.Collect$$libinit$$0000001A) refers to libinit2.o(.ARM.Collect$$libinit$$00000011) for .ARM.Collect$$libinit$$00000011
    libinit2.o(.ARM.Collect$$libinit$$00000028) refers to argv_veneer.o(.emb_text) for __ARM_argv_veneer
    libinit2.o(.ARM.Collect$$libinit$$00000029) refers to argv_veneer.o(.emb_text) for __ARM_argv_veneer
    libinit5.o(.ARM.Collect$$libinit$$0000000A) refers to libinit5.o(.ARM.Collect$$libinit$$0000271B) for __lit__00000000
    libinit5.o(.ARM.Collect$$libinit$$0000002C) refers to libinit5.o(.ARM.Collect$$libinit$$0000273D) for __lit__00000002
    libinit5.o(.ARM.Collect$$libinit$$0000002C) refers to argv_veneer.o(.emb_text) for __ARM_argv_veneer
    rtexit2.o(.ARM.Collect$$rtexit$$00000003) refers to libshutdown.o(.ARM.Collect$$libshutdown$$00000000) for __rt_lib_shutdown
    rtexit2.o(.ARM.Collect$$rtexit$$00000004) refers to sys_exit.o(.text) for _sys_exit
    rtexit2.o(.ARM.exidx) refers to rtexit2.o(.ARM.Collect$$rtexit$$00000001) for .ARM.Collect$$rtexit$$00000001
    rtexit2.o(.ARM.exidx) refers to rtexit2.o(.ARM.Collect$$rtexit$$00000003) for .ARM.Collect$$rtexit$$00000003
    rtexit2.o(.ARM.exidx) refers to rtexit2.o(.ARM.Collect$$rtexit$$00000004) for .ARM.Collect$$rtexit$$00000004
    argv_veneer.o(.emb_text) refers to no_argv.o(.text) for __ARM_get_argv
    sys_exit.o(.text) refers (Special) to use_no_semi.o(.text) for __I$use$semihosting
    sys_exit.o(.text) refers (Special) to indicate_semi.o(.text) for __semihosting_library_function
    sys_exit_hlt.o(.text) refers (Special) to use_no_semi.o(.text) for __I$use$semihosting
    sys_exit_hlt.o(.text) refers (Special) to indicate_semi.o(.text) for __semihosting_library_function
    _get_argv_nomalloc.o(.text) refers (Special) to hrguard.o(.text) for __heap_region$guard
    _get_argv_nomalloc.o(.text) refers to defsig_rtmem_outer.o(.text) for __rt_SIGRTMEM
    _get_argv_nomalloc.o(.text) refers to sys_command.o(.text) for _sys_command_string
    libshutdown.o(.ARM.Collect$$libshutdown$$00000000) refers (Special) to libshutdown2.o(.ARM.Collect$$libshutdown$$00000002) for __rt_lib_shutdown_cpp_1
    libshutdown.o(.ARM.Collect$$libshutdown$$00000000) refers (Special) to libshutdown2.o(.ARM.Collect$$libshutdown$$00000007) for __rt_lib_shutdown_fp_trap_1
    libshutdown.o(.ARM.Collect$$libshutdown$$00000000) refers (Special) to libshutdown2.o(.ARM.Collect$$libshutdown$$0000000F) for __rt_lib_shutdown_heap_1
    libshutdown.o(.ARM.Collect$$libshutdown$$00000000) refers (Special) to libshutdown2.o(.ARM.Collect$$libshutdown$$00000010) for __rt_lib_shutdown_return
    libshutdown.o(.ARM.Collect$$libshutdown$$00000000) refers (Special) to libshutdown2.o(.ARM.Collect$$libshutdown$$0000000A) for __rt_lib_shutdown_signal_1
    libshutdown.o(.ARM.Collect$$libshutdown$$00000000) refers (Special) to libshutdown2.o(.ARM.Collect$$libshutdown$$00000004) for __rt_lib_shutdown_stdio_1
    libshutdown.o(.ARM.Collect$$libshutdown$$00000000) refers (Special) to libshutdown2.o(.ARM.Collect$$libshutdown$$0000000C) for __rt_lib_shutdown_user_alloc_1
    sys_command.o(.text) refers (Special) to use_no_semi.o(.text) for __I$use$semihosting
    sys_command.o(.text) refers (Special) to indicate_semi.o(.text) for __semihosting_library_function
    sys_command_hlt.o(.text) refers (Special) to use_no_semi.o(.text) for __I$use$semihosting
    sys_command_hlt.o(.text) refers (Special) to indicate_semi.o(.text) for __semihosting_library_function
    defsig_rtmem_outer.o(.text) refers to defsig_rtmem_inner.o(.text) for __rt_SIGRTMEM_inner
    defsig_rtmem_outer.o(.text) refers to defsig_exit.o(.text) for __sig_exit
    defsig_rtmem_formal.o(.text) refers to rt_raise.o(.text) for __rt_raise
    rt_raise.o(.text) refers to __raise.o(.text) for __raise
    rt_raise.o(.text) refers to sys_exit.o(.text) for _sys_exit
    defsig_exit.o(.text) refers to sys_exit.o(.text) for _sys_exit
    defsig_rtmem_inner.o(.text) refers to defsig_general.o(.text) for __default_signal_display
    __raise.o(.text) refers to defsig.o(CL$$defsig) for __default_signal_handler
    defsig_general.o(.text) refers to sys_wrch.o(.text) for _ttywrch
    sys_wrch.o(.text) refers (Special) to use_no_semi.o(.text) for __I$use$semihosting
    sys_wrch.o(.text) refers (Special) to indicate_semi.o(.text) for __semihosting_library_function
    sys_wrch_hlt.o(.text) refers (Special) to use_no_semi.o(.text) for __I$use$semihosting
    sys_wrch_hlt.o(.text) refers (Special) to indicate_semi.o(.text) for __semihosting_library_function
    defsig.o(CL$$defsig) refers to defsig_rtmem_inner.o(.text) for __rt_SIGRTMEM_inner
    defsig_abrt_inner.o(.text) refers to defsig_general.o(.text) for __default_signal_display
    defsig_fpe_inner.o(.text) refers to defsig_general.o(.text) for __default_signal_display
    defsig_rtred_inner.o(.text) refers to defsig_general.o(.text) for __default_signal_display
    defsig_stak_inner.o(.text) refers to defsig_general.o(.text) for __default_signal_display
    defsig_pvfn_inner.o(.text) refers to defsig_general.o(.text) for __default_signal_display
    defsig_cppl_inner.o(.text) refers to defsig_general.o(.text) for __default_signal_display
    defsig_segv_inner.o(.text) refers to defsig_general.o(.text) for __default_signal_display
    defsig_other.o(.text) refers to defsig_general.o(.text) for __default_signal_display


==============================================================================

Removing Unused input sections from the image.

    Removing main.o(.text), (0 bytes).
    Removing main.o(.ARM.exidx.text.main), (8 bytes).
    Removing main.o(.ARM.use_no_argv), (4 bytes).
    Removing basic_function.o(.text), (0 bytes).
    Removing basic_function.o(.ARM.exidx.text.SetClearBit), (8 bytes).
    Removing basic_function.o(.ARM.exidx.text.SetClearListOfBit), (8 bytes).
    Removing basic_function.o(.ARM.exidx.text.CheckBit), (8 bytes).
    Removing basic_function.o(.ARM.exidx.text.Gpio_Init), (8 bytes).
    Removing basic_function.o(.ARM.exidx.text.Gpio_SetMode), (8 bytes).
    Removing basic_function.o(.text.Gpio_WriteChannel), (232 bytes).
    Removing basic_function.o(.ARM.exidx.text.Gpio_WriteChannel), (8 bytes).
    Removing basic_function.o(.text.Gpio_ReadChannel), (110 bytes).
    Removing basic_function.o(.ARM.exidx.text.Gpio_ReadChannel), (8 bytes).
    Removing basic_function.o(.ARM.exidx.text.NVIC), (8 bytes).
    Removing clock.o(.text), (0 bytes).
    Removing clock.o(.ARM.exidx.text.Init_Available_Peripheral_Clock), (8 bytes).
    Removing clock.o(.text.Init_SOSC_Peripheral_Clock), (60 bytes).
    Removing clock.o(.ARM.exidx.text.Init_SOSC_Peripheral_Clock), (8 bytes).
    Removing irq_function.o(.text), (0 bytes).
    Removing irq_function.o(.ARM.exidx.text.PORTC_IRQHandler), (8 bytes).
    Removing irq_function.o(.ARM.exidx.text.SysTick_Handler), (8 bytes).
    Removing irq_function.o(.ARM.exidx.text.LPUART1_RxTx_IRQHandler), (8 bytes).
    Removing irq_function.o(.ARM.exidx.text.LPIT0_Ch1_IRQHandler), (8 bytes).
    Removing irq_function.o(.ARM.exidx.text.LPIT0_Ch0_IRQHandler), (8 bytes).
    Removing lpit.o(.text), (0 bytes).
    Removing lpit.o(.ARM.exidx.text.LPIT_Init), (8 bytes).
    Removing lpit.o(.ARM.exidx.text.LPIT_Initilazation), (8 bytes).
    Removing lpit.o(.ARM.exidx.text.LPIT_Config), (8 bytes).
    Removing lpspi.o(.text), (0 bytes).
    Removing lpspi.o(.ARM.exidx.text.Setting_LPSPI_Pin), (8 bytes).
    Removing lpspi.o(.ARM.exidx.text.Clock_Source_LPSPI), (8 bytes).
    Removing lpspi.o(.ARM.exidx.text.LPSPI_Setting_Clock), (8 bytes).
    Removing lpspi.o(.ARM.exidx.text.LPSPI_CPOL_CPHA), (8 bytes).
    Removing lpspi.o(.ARM.exidx.text.LPSPI_Frame_Data), (8 bytes).
    Removing lpspi.o(.ARM.exidx.text.Config_LPSPI_PCS), (8 bytes).
    Removing lpspi.o(.ARM.exidx.text.LPSPI_Transmit_Receive_FIFO), (8 bytes).
    Removing lpspi.o(.ARM.exidx.text.LPSPI_Config_Mode), (8 bytes).
    Removing lpspi.o(.ARM.exidx.text.Enable_LPSPI), (8 bytes).
    Removing lpuart_function.o(.text), (0 bytes).
    Removing lpuart_function.o(.ARM.exidx.text.LPUART_RxTx_Config), (8 bytes).
    Removing lpuart_function.o(.ARM.exidx.text.Clock_Source_LPUART), (8 bytes).
    Removing lpuart_function.o(.ARM.exidx.text.Set_Baud_Rate), (8 bytes).
    Removing lpuart_function.o(.ARM.exidx.text.Set_Frame), (8 bytes).
    Removing lpuart_function.o(.ARM.exidx.text.Enable_LPUART), (8 bytes).
    Removing lpuart_function.o(.ARM.exidx.text.LPUART_Interrupt), (8 bytes).
    Removing mock_function.o(.text), (0 bytes).
    Removing mock_function.o(.ARM.exidx.text.Receive_Time_Data), (8 bytes).
    Removing mock_function.o(.ARM.exidx.text.Receive_Time_LPUART), (8 bytes).
    Removing mock_function.o(.ARM.exidx.text.Receive_Date_LPUART), (8 bytes).
    Removing mock_function.o(.ARM.exidx.text.Receive_Alarm_LPUART), (8 bytes).
    Removing mock_function.o(.ARM.exidx.text.Count_Date_Time), (8 bytes).
    Removing mock_function.o(.ARM.exidx.text.Count_Time), (8 bytes).
    Removing mock_function.o(.ARM.exidx.text.Count_Date), (8 bytes).
    Removing mock_function.o(.ARM.exidx.text.Display_Time), (8 bytes).
    Removing mock_function.o(.ARM.exidx.text.Transmit), (8 bytes).
    Removing mock_function.o(.ARM.exidx.text.Display_Date), (8 bytes).
    Removing mock_function.o(.ARM.exidx.text.Assign_Time_Date_Value_LED), (8 bytes).
    Removing mock_function.o(.text.Print_Notification_LPUART), (166 bytes).
    Removing mock_function.o(.ARM.exidx.text.Print_Notification_LPUART), (8 bytes).
    Removing mock_function.o(.text.Character_To_Decimal), (286 bytes).
    Removing mock_function.o(.ARM.exidx.text.Character_To_Decimal), (8 bytes).
    Removing mock_function.o(.text.Days_In_Month_30_Or_31_Days), (26 bytes).
    Removing mock_function.o(.ARM.exidx.text.Days_In_Month_30_Or_31_Days), (8 bytes).
    Removing mock_function.o(.ARM.exidx.text.Check_Alarm_Time), (8 bytes).
    Removing systick.o(.text), (0 bytes).
    Removing systick.o(.text.Config_SysTick), (52 bytes).
    Removing systick.o(.ARM.exidx.text.Config_SysTick), (8 bytes).
    Removing startup.o(.text), (0 bytes).
    Removing startup.o(.ARM.exidx.text.init_data_bss), (8 bytes).
    Removing system_s32k144.o(.text), (0 bytes).
    Removing system_s32k144.o(.ARM.exidx.text.SystemInit), (8 bytes).
    Removing system_s32k144.o(.text.SystemCoreClockUpdate), (156 bytes).
    Removing system_s32k144.o(.ARM.exidx.text.SystemCoreClockUpdate), (8 bytes).
    Removing system_s32k144.o(.text.SystemSoftwareReset), (32 bytes).
    Removing system_s32k144.o(.ARM.exidx.text.SystemSoftwareReset), (8 bytes).
    Removing system_s32k144.o(.data.SystemCoreClock), (4 bytes).

76 unused section(s) (total 1560 bytes) removed from the image.

==============================================================================

Image Symbol Table

    Local Symbols

    Symbol Name                              Value     Ov Type        Size  Object(Section)

    ../clib/angel/boardlib.s                 0x00000000   Number         0  boardinit1.o ABSOLUTE
    ../clib/angel/boardlib.s                 0x00000000   Number         0  boardinit2.o ABSOLUTE
    ../clib/angel/boardlib.s                 0x00000000   Number         0  boardinit3.o ABSOLUTE
    ../clib/angel/boardlib.s                 0x00000000   Number         0  boardshut.o ABSOLUTE
    ../clib/angel/handlers.s                 0x00000000   Number         0  __scatter_copy.o ABSOLUTE
    ../clib/angel/handlers.s                 0x00000000   Number         0  __scatter_zi.o ABSOLUTE
    ../clib/angel/kernel.s                   0x00000000   Number         0  __rtentry.o ABSOLUTE
    ../clib/angel/kernel.s                   0x00000000   Number         0  __rtentry2.o ABSOLUTE
    ../clib/angel/kernel.s                   0x00000000   Number         0  __rtentry4.o ABSOLUTE
    ../clib/angel/kernel.s                   0x00000000   Number         0  __rtentry7.o ABSOLUTE
    ../clib/angel/kernel.s                   0x00000000   Number         0  rtexit.o ABSOLUTE
    ../clib/angel/kernel.s                   0x00000000   Number         0  rtexit2.o ABSOLUTE
    ../clib/angel/rt.s                       0x00000000   Number         0  rt_raise.o ABSOLUTE
    ../clib/angel/scatter.s                  0x00000000   Number         0  __scatter.o ABSOLUTE
    ../clib/angel/startup.s                  0x00000000   Number         0  __main.o ABSOLUTE
    ../clib/angel/sys.s                      0x00000000   Number         0  sys_stackheap_outer.o ABSOLUTE
    ../clib/angel/sys.s                      0x00000000   Number         0  libspace.o ABSOLUTE
    ../clib/angel/sys.s                      0x00000000   Number         0  sys_stackheap.o ABSOLUTE
    ../clib/angel/sys.s                      0x00000000   Number         0  sys_stackheap_hlt.o ABSOLUTE
    ../clib/angel/sys.s                      0x00000000   Number         0  use_no_semi.o ABSOLUTE
    ../clib/angel/sys.s                      0x00000000   Number         0  indicate_semi.o ABSOLUTE
    ../clib/angel/sysapp.c                   0x00000000   Number         0  sys_exit.o ABSOLUTE
    ../clib/angel/sysapp.c                   0x00000000   Number         0  sys_exit_hlt.o ABSOLUTE
    ../clib/angel/sysapp.c                   0x00000000   Number         0  sys_command.o ABSOLUTE
    ../clib/angel/sysapp.c                   0x00000000   Number         0  sys_command_hlt.o ABSOLUTE
    ../clib/angel/sysapp.c                   0x00000000   Number         0  sys_wrch.o ABSOLUTE
    ../clib/angel/sysapp.c                   0x00000000   Number         0  sys_wrch_hlt.o ABSOLUTE
    ../clib/armsys.c                         0x00000000   Number         0  argv_veneer.o ABSOLUTE
    ../clib/armsys.c                         0x00000000   Number         0  argv_veneer.o ABSOLUTE
    ../clib/armsys.c                         0x00000000   Number         0  _get_argv_nomalloc.o ABSOLUTE
    ../clib/armsys.c                         0x00000000   Number         0  no_argv.o ABSOLUTE
    ../clib/heapalloc.c                      0x00000000   Number         0  hrguard.o ABSOLUTE
    ../clib/libinit.s                        0x00000000   Number         0  libinit.o ABSOLUTE
    ../clib/libinit.s                        0x00000000   Number         0  libinit2.o ABSOLUTE
    ../clib/libinit.s                        0x00000000   Number         0  libinit5.o ABSOLUTE
    ../clib/libinit.s                        0x00000000   Number         0  libshutdown.o ABSOLUTE
    ../clib/libinit.s                        0x00000000   Number         0  libshutdown2.o ABSOLUTE
    ../clib/signal.c                         0x00000000   Number         0  defsig_rtmem_outer.o ABSOLUTE
    ../clib/signal.c                         0x00000000   Number         0  defsig_rtmem_formal.o ABSOLUTE
    ../clib/signal.c                         0x00000000   Number         0  defsig_exit.o ABSOLUTE
    ../clib/signal.c                         0x00000000   Number         0  defsig_rtmem_inner.o ABSOLUTE
    ../clib/signal.c                         0x00000000   Number         0  __raise.o ABSOLUTE
    ../clib/signal.c                         0x00000000   Number         0  defsig_general.o ABSOLUTE
    ../clib/signal.c                         0x00000000   Number         0  defsig_abrt_inner.o ABSOLUTE
    ../clib/signal.c                         0x00000000   Number         0  defsig_fpe_inner.o ABSOLUTE
    ../clib/signal.c                         0x00000000   Number         0  defsig_rtred_inner.o ABSOLUTE
    ../clib/signal.c                         0x00000000   Number         0  defsig_stak_inner.o ABSOLUTE
    ../clib/signal.c                         0x00000000   Number         0  defsig_pvfn_inner.o ABSOLUTE
    ../clib/signal.c                         0x00000000   Number         0  defsig_cppl_inner.o ABSOLUTE
    ../clib/signal.c                         0x00000000   Number         0  defsig_segv_inner.o ABSOLUTE
    ../clib/signal.c                         0x00000000   Number         0  defsig_other.o ABSOLUTE
    ../clib/signal.s                         0x00000000   Number         0  defsig.o ABSOLUTE
    ../clib/stdlib.c                         0x00000000   Number         0  exit.o ABSOLUTE
    ../clib/string.c                         0x00000000   Number         0  strlen.o ABSOLUTE
    ../fplib/fpinit.s                        0x00000000   Number         0  fpinit.o ABSOLUTE
    Basic_Function.c                         0x00000000   Number         0  basic_function.o ABSOLUTE
    Clock.c                                  0x00000000   Number         0  clock.o ABSOLUTE
    IRQ_Function.c                           0x00000000   Number         0  irq_function.o ABSOLUTE
    LPIT.c                                   0x00000000   Number         0  lpit.o ABSOLUTE
    LPSPI.c                                  0x00000000   Number         0  lpspi.o ABSOLUTE
    LPUART_Function.c                        0x00000000   Number         0  lpuart_function.o ABSOLUTE
    Mock_Function.c                          0x00000000   Number         0  mock_function.o ABSOLUTE
    RTE\Device\S32K144HAxxxLLx\startup_S32K144.S 0x00000000   Number         0  startup_s32k144.o ABSOLUTE
    SysTick.c                                0x00000000   Number         0  systick.o ABSOLUTE
    dc.s                                     0x00000000   Number         0  dc.o ABSOLUTE
    main.c                                   0x00000000   Number         0  main.o ABSOLUTE
    startup.c                                0x00000000   Number         0  startup.o ABSOLUTE
    system_S32K144.c                         0x00000000   Number         0  system_s32k144.o ABSOLUTE
    RESET                                    0x00000000   Section      560  startup_s32k144.o(RESET)
    FlashConfig                              0x00000400   Section       16  startup_s32k144.o(FlashConfig)
    .Lswitch.table.Days_In_Month_30_Or_31_Days 0x00000410   Data          12  mock_function.o(.rodata..Lswitch.table.Days_In_Month_30_Or_31_Days)
    [Anonymous Symbol]                       0x0000041c   Section        0  basic_function.o(.rodata.str1.1)
    .L.str.6                                 0x00000428   Data           3  basic_function.o(.rodata.str1.1)
    .L.str                                   0x0000042c   Data           4  basic_function.o(.rodata.str1.1)
    .L.str.1                                 0x00000431   Data           4  basic_function.o(.rodata.str1.1)
    .L.str.6                                 0x00000431   Data           4  basic_function.o(.rodata.str1.1)
    .L.str.2                                 0x00000436   Data           4  basic_function.o(.rodata.str1.1)
    .L.str.1                                 0x0000043a   Data          20  mock_function.o(.rodata.str1.1)
    [Anonymous Symbol]                       0x0000043a   Section        0  mock_function.o(.rodata.str1.1)
    .L.str.3                                 0x0000044e   Data          20  mock_function.o(.rodata.str1.1)
    .L.str.5                                 0x00000462   Data          21  mock_function.o(.rodata.str1.1)
    .L.str                                   0x00000477   Data          28  mock_function.o(.rodata.str1.1)
    .L.str.2                                 0x00000493   Data          28  mock_function.o(.rodata.str1.1)
    .L.str.4                                 0x000004af   Data          29  mock_function.o(.rodata.str1.1)
    !!!main                                  0x000004cc   Section        8  __main.o(!!!main)
    !!!scatter                               0x000004d4   Section       52  __scatter.o(!!!scatter)
    !!handler_copy                           0x00000508   Section       26  __scatter_copy.o(!!handler_copy)
    !!handler_zi                             0x00000524   Section       28  __scatter_zi.o(!!handler_zi)
    .ARM.Collect$$libinit$$00000000          0x00000540   Section        2  libinit.o(.ARM.Collect$$libinit$$00000000)
    .ARM.Collect$$libinit$$00000001          0x00000542   Section        4  libinit2.o(.ARM.Collect$$libinit$$00000001)
    .ARM.Collect$$libinit$$00000004          0x00000546   Section        0  libinit2.o(.ARM.Collect$$libinit$$00000004)
    .ARM.Collect$$libinit$$00000006          0x00000546   Section        0  libinit2.o(.ARM.Collect$$libinit$$00000006)
    .ARM.Collect$$libinit$$0000000C          0x00000546   Section        0  libinit2.o(.ARM.Collect$$libinit$$0000000C)
    .ARM.Collect$$libinit$$0000000E          0x00000546   Section        0  libinit2.o(.ARM.Collect$$libinit$$0000000E)
    .ARM.Collect$$libinit$$00000010          0x00000546   Section        0  libinit2.o(.ARM.Collect$$libinit$$00000010)
    .ARM.Collect$$libinit$$00000013          0x00000546   Section        0  libinit2.o(.ARM.Collect$$libinit$$00000013)
    .ARM.Collect$$libinit$$00000015          0x00000546   Section        0  libinit2.o(.ARM.Collect$$libinit$$00000015)
    .ARM.Collect$$libinit$$00000017          0x00000546   Section        0  libinit2.o(.ARM.Collect$$libinit$$00000017)
    .ARM.Collect$$libinit$$00000019          0x00000546   Section        0  libinit2.o(.ARM.Collect$$libinit$$00000019)
    .ARM.Collect$$libinit$$0000001B          0x00000546   Section        0  libinit2.o(.ARM.Collect$$libinit$$0000001B)
    .ARM.Collect$$libinit$$0000001D          0x00000546   Section        0  libinit2.o(.ARM.Collect$$libinit$$0000001D)
    .ARM.Collect$$libinit$$0000001F          0x00000546   Section        0  libinit2.o(.ARM.Collect$$libinit$$0000001F)
    .ARM.Collect$$libinit$$00000021          0x00000546   Section        0  libinit2.o(.ARM.Collect$$libinit$$00000021)
    .ARM.Collect$$libinit$$00000023          0x00000546   Section        0  libinit2.o(.ARM.Collect$$libinit$$00000023)
    .ARM.Collect$$libinit$$00000025          0x00000546   Section        0  libinit2.o(.ARM.Collect$$libinit$$00000025)
    .ARM.Collect$$libinit$$00000027          0x00000546   Section        0  libinit2.o(.ARM.Collect$$libinit$$00000027)
    .ARM.Collect$$libinit$$0000002E          0x00000546   Section        0  libinit2.o(.ARM.Collect$$libinit$$0000002E)
    .ARM.Collect$$libinit$$00000030          0x00000546   Section        0  libinit2.o(.ARM.Collect$$libinit$$00000030)
    .ARM.Collect$$libinit$$00000032          0x00000546   Section        0  libinit2.o(.ARM.Collect$$libinit$$00000032)
    .ARM.Collect$$libinit$$00000034          0x00000546   Section        0  libinit2.o(.ARM.Collect$$libinit$$00000034)
    .ARM.Collect$$libinit$$00000035          0x00000546   Section        2  libinit2.o(.ARM.Collect$$libinit$$00000035)
    .ARM.Collect$$libshutdown$$00000000      0x00000548   Section        2  libshutdown.o(.ARM.Collect$$libshutdown$$00000000)
    .ARM.Collect$$libshutdown$$00000002      0x0000054a   Section        0  libshutdown2.o(.ARM.Collect$$libshutdown$$00000002)
    .ARM.Collect$$libshutdown$$00000004      0x0000054a   Section        0  libshutdown2.o(.ARM.Collect$$libshutdown$$00000004)
    .ARM.Collect$$libshutdown$$00000007      0x0000054a   Section        0  libshutdown2.o(.ARM.Collect$$libshutdown$$00000007)
    .ARM.Collect$$libshutdown$$0000000A      0x0000054a   Section        0  libshutdown2.o(.ARM.Collect$$libshutdown$$0000000A)
    .ARM.Collect$$libshutdown$$0000000C      0x0000054a   Section        0  libshutdown2.o(.ARM.Collect$$libshutdown$$0000000C)
    .ARM.Collect$$libshutdown$$0000000F      0x0000054a   Section        0  libshutdown2.o(.ARM.Collect$$libshutdown$$0000000F)
    .ARM.Collect$$libshutdown$$00000010      0x0000054a   Section        2  libshutdown2.o(.ARM.Collect$$libshutdown$$00000010)
    .ARM.Collect$$rtentry$$00000000          0x0000054c   Section        0  __rtentry.o(.ARM.Collect$$rtentry$$00000000)
    .ARM.Collect$$rtentry$$00000002          0x0000054c   Section        0  __rtentry2.o(.ARM.Collect$$rtentry$$00000002)
    .ARM.Collect$$rtentry$$00000007          0x0000054c   Section        4  __rtentry7.o(.ARM.Collect$$rtentry$$00000007)
    .ARM.Collect$$rtentry$$00000009          0x00000550   Section        0  __rtentry2.o(.ARM.Collect$$rtentry$$00000009)
    .ARM.Collect$$rtentry$$0000000A          0x00000550   Section        4  __rtentry2.o(.ARM.Collect$$rtentry$$0000000A)
    .ARM.Collect$$rtentry$$0000000C          0x00000554   Section        0  __rtentry2.o(.ARM.Collect$$rtentry$$0000000C)
    .ARM.Collect$$rtentry$$0000000D          0x00000554   Section        8  __rtentry2.o(.ARM.Collect$$rtentry$$0000000D)
    __lit__00000000                          0x0000055c   Data           4  __rtentry7.o(.ARM.Collect$$rtentry$$00002718)
    .ARM.Collect$$rtentry$$00002718          0x0000055c   Section        4  __rtentry7.o(.ARM.Collect$$rtentry$$00002718)
    .ARM.Collect$$rtexit$$00000000           0x00000560   Section        2  rtexit.o(.ARM.Collect$$rtexit$$00000000)
    .ARM.Collect$$rtexit$$00000002           0x00000562   Section        0  rtexit2.o(.ARM.Collect$$rtexit$$00000002)
    .ARM.Collect$$rtexit$$00000003           0x00000562   Section        4  rtexit2.o(.ARM.Collect$$rtexit$$00000003)
    .ARM.Collect$$rtexit$$00000004           0x00000566   Section        6  rtexit2.o(.ARM.Collect$$rtexit$$00000004)
    .text                                    0x0000056c   Section      156  startup_s32k144.o(.text)
    $v0                                      0x000005c0   Number         0  startup_s32k144.o(.text)
    .text                                    0x00000608   Section        0  strlen.o(.text)
    .text                                    0x00000646   Section        0  exit.o(.text)
    .text                                    0x00000658   Section        2  use_no_semi.o(.text)
    .text                                    0x0000065a   Section        0  indicate_semi.o(.text)
    .text                                    0x0000065c   Section        0  sys_exit.o(.text)
    [Anonymous Symbol]                       0x00000668   Section        0  mock_function.o(.text.Assign_Time_Date_Value_LED)
    [Anonymous Symbol]                       0x000007c4   Section        0  basic_function.o(.text.CheckBit)
    [Anonymous Symbol]                       0x000007d0   Section        0  mock_function.o(.text.Check_Alarm_Time)
    [Anonymous Symbol]                       0x00000834   Section        0  lpspi.o(.text.Clock_Source_LPSPI)
    [Anonymous Symbol]                       0x00000870   Section        0  lpuart_function.o(.text.Clock_Source_LPUART)
    [Anonymous Symbol]                       0x000008a8   Section        0  lpspi.o(.text.Config_LPSPI_PCS)
    [Anonymous Symbol]                       0x000008d4   Section        0  mock_function.o(.text.Count_Date)
    [Anonymous Symbol]                       0x00000b38   Section        0  mock_function.o(.text.Count_Date_Time)
    [Anonymous Symbol]                       0x00000b48   Section        0  mock_function.o(.text.Count_Time)
    [Anonymous Symbol]                       0x00000c6c   Section        0  mock_function.o(.text.Display_Date)
    [Anonymous Symbol]                       0x00000db4   Section        0  mock_function.o(.text.Display_Time)
    [Anonymous Symbol]                       0x00000ed0   Section        0  lpspi.o(.text.Enable_LPSPI)
    [Anonymous Symbol]                       0x00000f00   Section        0  lpuart_function.o(.text.Enable_LPUART)
    [Anonymous Symbol]                       0x00000f3c   Section        0  basic_function.o(.text.Gpio_Init)
    [Anonymous Symbol]                       0x00000fa8   Section        0  basic_function.o(.text.Gpio_SetMode)
    [Anonymous Symbol]                       0x00001520   Section        0  clock.o(.text.Init_Available_Peripheral_Clock)
    [Anonymous Symbol]                       0x00001580   Section        0  irq_function.o(.text.LPIT0_Ch0_IRQHandler)
    [Anonymous Symbol]                       0x000015d4   Section        0  irq_function.o(.text.LPIT0_Ch1_IRQHandler)
    [Anonymous Symbol]                       0x00001604   Section        0  lpit.o(.text.LPIT_Config)
    [Anonymous Symbol]                       0x00001690   Section        0  lpit.o(.text.LPIT_Init)
    [Anonymous Symbol]                       0x000016b4   Section        0  lpit.o(.text.LPIT_Initilazation)
    [Anonymous Symbol]                       0x000016d8   Section        0  lpspi.o(.text.LPSPI_CPOL_CPHA)
    [Anonymous Symbol]                       0x00001714   Section        0  lpspi.o(.text.LPSPI_Config_Mode)
    [Anonymous Symbol]                       0x00001764   Section        0  lpspi.o(.text.LPSPI_Frame_Data)
    [Anonymous Symbol]                       0x00001798   Section        0  lpspi.o(.text.LPSPI_Setting_Clock)
    [Anonymous Symbol]                       0x000017e0   Section        0  lpspi.o(.text.LPSPI_Transmit_Receive_FIFO)
    [Anonymous Symbol]                       0x00001848   Section        0  irq_function.o(.text.LPUART1_RxTx_IRQHandler)
    [Anonymous Symbol]                       0x0000186c   Section        0  lpuart_function.o(.text.LPUART_Interrupt)
    [Anonymous Symbol]                       0x000018a8   Section        0  lpuart_function.o(.text.LPUART_RxTx_Config)
    [Anonymous Symbol]                       0x00001908   Section        0  basic_function.o(.text.NVIC)
    [Anonymous Symbol]                       0x00001928   Section        0  irq_function.o(.text.PORTC_IRQHandler)
    [Anonymous Symbol]                       0x00001988   Section        0  mock_function.o(.text.Receive_Alarm_LPUART)
    [Anonymous Symbol]                       0x00001ab4   Section        0  mock_function.o(.text.Receive_Date_LPUART)
    [Anonymous Symbol]                       0x00001e28   Section        0  mock_function.o(.text.Receive_Time_Data)
    [Anonymous Symbol]                       0x00001e3c   Section        0  mock_function.o(.text.Receive_Time_LPUART)
    [Anonymous Symbol]                       0x00001fbc   Section        0  basic_function.o(.text.SetClearBit)
    [Anonymous Symbol]                       0x00001fe4   Section        0  basic_function.o(.text.SetClearListOfBit)
    [Anonymous Symbol]                       0x00002068   Section        0  lpuart_function.o(.text.Set_Baud_Rate)
    [Anonymous Symbol]                       0x000020bc   Section        0  lpuart_function.o(.text.Set_Frame)
    [Anonymous Symbol]                       0x0000211c   Section        0  lpspi.o(.text.Setting_LPSPI_Pin)
    [Anonymous Symbol]                       0x0000217c   Section        0  irq_function.o(.text.SysTick_Handler)
    [Anonymous Symbol]                       0x00002180   Section        0  system_s32k144.o(.text.SystemInit)
    [Anonymous Symbol]                       0x000021c0   Section        0  mock_function.o(.text.Transmit)
    [Anonymous Symbol]                       0x000021e8   Section        0  startup.o(.text.init_data_bss)
    [Anonymous Symbol]                       0x00002238   Section        0  main.o(.text.main)
    $v0                                      0x0000240c   Number         0  fpinit.o(x$fpl$fpinit)
    x$fpl$fpinit                             0x0000240c   Section       26  fpinit.o(x$fpl$fpinit)

    Global Symbols

    Symbol Name                              Value     Ov Type        Size  Object(Section)

    BuildAttributes$$THM_ISAv4$E$P$D$K$B$S$7EM$VFPi3$EXTD16$VFPS$VFMA$PE$A:L22UL41UL21$X:L11$S22US41US21$IEEE1$IW$~IW$USESV6$~STKCKD$USESV7$~SHL$OTIME$ROPI$EBA8$UX$STANDARDLIB$REQ8$PRES8$EABIv2 0x00000000   Number         0  anon$$obj.o ABSOLUTE
    Image$$RW_m_code$$Length                 0x00000000   Number         0  anon$$obj.o ABSOLUTE
    Image$$VECTOR_RAM$$Length                0x00000000   Number         0  anon$$obj.o ABSOLUTE
    Image$$VECTOR_ROM$$Base                  0x00000000   Number         0  anon$$obj.o ABSOLUTE
    __Vectors                                0x00000000   Data           4  startup_s32k144.o(RESET)
    Image$$ZI$$Limit                          - Undefined Weak Reference
    __ARM_exceptions_init                     - Undefined Weak Reference
    __alloca_initialize                       - Undefined Weak Reference
    __arm_preinit_                            - Undefined Weak Reference
    __arm_relocate_pie_                       - Undefined Weak Reference
    __cpp_initialize__aeabi_                  - Undefined Weak Reference
    __cxa_finalize                            - Undefined Weak Reference
    __rt_locale                               - Undefined Weak Reference
    __sigvec_lookup                           - Undefined Weak Reference
    _atexit_init                              - Undefined Weak Reference
    _call_atexit_fns                          - Undefined Weak Reference
    _clock_init                               - Undefined Weak Reference
    _fp_trap_init                             - Undefined Weak Reference
    _fp_trap_shutdown                         - Undefined Weak Reference
    _get_lc_collate                           - Undefined Weak Reference
    _get_lc_ctype                             - Undefined Weak Reference
    _get_lc_monetary                          - Undefined Weak Reference
    _get_lc_numeric                           - Undefined Weak Reference
    _get_lc_time                              - Undefined Weak Reference
    _getenv_init                              - Undefined Weak Reference
    _handle_redirection                       - Undefined Weak Reference
    _init_alloc                               - Undefined Weak Reference
    _init_user_alloc                          - Undefined Weak Reference
    _initio                                   - Undefined Weak Reference
    _rand_init                                - Undefined Weak Reference
    _signal_finish                            - Undefined Weak Reference
    _signal_init                              - Undefined Weak Reference
    _terminate_alloc                          - Undefined Weak Reference
    _terminate_user_alloc                     - Undefined Weak Reference
    _terminateio                              - Undefined Weak Reference
    Image$$RW_m_data$$Length                 0x00000028   Number         0  anon$$obj.o ABSOLUTE
    Image$$VECTOR_ROM$$Length                0x00000230   Number         0  anon$$obj.o ABSOLUTE
    Image$$VECTOR_ROM$$Limit                 0x00000230   Number         0  anon$$obj.o ABSOLUTE
    Image$$ER_m_text_const$$Base             0x00000410   Number         0  anon$$obj.o ABSOLUTE
    Image$$ER_m_text_const$$Limit            0x000004cc   Number         0  anon$$obj.o ABSOLUTE
    __main                                   0x000004cd   Thumb Code     8  __main.o(!!!main)
    __scatterload                            0x000004d5   Thumb Code     0  __scatter.o(!!!scatter)
    __scatterload_rt2                        0x000004d5   Thumb Code    44  __scatter.o(!!!scatter)
    __scatterload_rt2_thumb_only             0x000004d5   Thumb Code     0  __scatter.o(!!!scatter)
    __scatterload_null                       0x000004e3   Thumb Code     0  __scatter.o(!!!scatter)
    __scatterload_copy                       0x00000509   Thumb Code    26  __scatter_copy.o(!!handler_copy)
    __scatterload_zeroinit                   0x00000525   Thumb Code    28  __scatter_zi.o(!!handler_zi)
    __rt_lib_init                            0x00000541   Thumb Code     0  libinit.o(.ARM.Collect$$libinit$$00000000)
    __rt_lib_init_fp_1                       0x00000543   Thumb Code     0  libinit2.o(.ARM.Collect$$libinit$$00000001)
    __rt_lib_init_alloca_1                   0x00000547   Thumb Code     0  libinit2.o(.ARM.Collect$$libinit$$00000030)
    __rt_lib_init_argv_1                     0x00000547   Thumb Code     0  libinit2.o(.ARM.Collect$$libinit$$0000002E)
    __rt_lib_init_atexit_1                   0x00000547   Thumb Code     0  libinit2.o(.ARM.Collect$$libinit$$0000001D)
    __rt_lib_init_clock_1                    0x00000547   Thumb Code     0  libinit2.o(.ARM.Collect$$libinit$$00000023)
    __rt_lib_init_cpp_1                      0x00000547   Thumb Code     0  libinit2.o(.ARM.Collect$$libinit$$00000034)
    __rt_lib_init_exceptions_1               0x00000547   Thumb Code     0  libinit2.o(.ARM.Collect$$libinit$$00000032)
    __rt_lib_init_fp_trap_1                  0x00000547   Thumb Code     0  libinit2.o(.ARM.Collect$$libinit$$00000021)
    __rt_lib_init_getenv_1                   0x00000547   Thumb Code     0  libinit2.o(.ARM.Collect$$libinit$$00000025)
    __rt_lib_init_heap_1                     0x00000547   Thumb Code     0  libinit2.o(.ARM.Collect$$libinit$$0000000C)
    __rt_lib_init_lc_collate_1               0x00000547   Thumb Code     0  libinit2.o(.ARM.Collect$$libinit$$00000013)
    __rt_lib_init_lc_ctype_1                 0x00000547   Thumb Code     0  libinit2.o(.ARM.Collect$$libinit$$00000015)
    __rt_lib_init_lc_monetary_1              0x00000547   Thumb Code     0  libinit2.o(.ARM.Collect$$libinit$$00000017)
    __rt_lib_init_lc_numeric_1               0x00000547   Thumb Code     0  libinit2.o(.ARM.Collect$$libinit$$00000019)
    __rt_lib_init_lc_time_1                  0x00000547   Thumb Code     0  libinit2.o(.ARM.Collect$$libinit$$0000001B)
    __rt_lib_init_preinit_1                  0x00000547   Thumb Code     0  libinit2.o(.ARM.Collect$$libinit$$00000006)
    __rt_lib_init_rand_1                     0x00000547   Thumb Code     0  libinit2.o(.ARM.Collect$$libinit$$00000010)
    __rt_lib_init_relocate_pie_1             0x00000547   Thumb Code     0  libinit2.o(.ARM.Collect$$libinit$$00000004)
    __rt_lib_init_return                     0x00000547   Thumb Code     0  libinit2.o(.ARM.Collect$$libinit$$00000035)
    __rt_lib_init_signal_1                   0x00000547   Thumb Code     0  libinit2.o(.ARM.Collect$$libinit$$0000001F)
    __rt_lib_init_stdio_1                    0x00000547   Thumb Code     0  libinit2.o(.ARM.Collect$$libinit$$00000027)
    __rt_lib_init_user_alloc_1               0x00000547   Thumb Code     0  libinit2.o(.ARM.Collect$$libinit$$0000000E)
    __rt_lib_shutdown                        0x00000549   Thumb Code     0  libshutdown.o(.ARM.Collect$$libshutdown$$00000000)
    __rt_lib_shutdown_cpp_1                  0x0000054b   Thumb Code     0  libshutdown2.o(.ARM.Collect$$libshutdown$$00000002)
    __rt_lib_shutdown_fp_trap_1              0x0000054b   Thumb Code     0  libshutdown2.o(.ARM.Collect$$libshutdown$$00000007)
    __rt_lib_shutdown_heap_1                 0x0000054b   Thumb Code     0  libshutdown2.o(.ARM.Collect$$libshutdown$$0000000F)
    __rt_lib_shutdown_return                 0x0000054b   Thumb Code     0  libshutdown2.o(.ARM.Collect$$libshutdown$$00000010)
    __rt_lib_shutdown_signal_1               0x0000054b   Thumb Code     0  libshutdown2.o(.ARM.Collect$$libshutdown$$0000000A)
    __rt_lib_shutdown_stdio_1                0x0000054b   Thumb Code     0  libshutdown2.o(.ARM.Collect$$libshutdown$$00000004)
    __rt_lib_shutdown_user_alloc_1           0x0000054b   Thumb Code     0  libshutdown2.o(.ARM.Collect$$libshutdown$$0000000C)
    __rt_entry                               0x0000054d   Thumb Code     0  __rtentry.o(.ARM.Collect$$rtentry$$00000000)
    __rt_entry_presh_1                       0x0000054d   Thumb Code     0  __rtentry2.o(.ARM.Collect$$rtentry$$00000002)
    __rt_entry_sh                            0x0000054d   Thumb Code     0  __rtentry7.o(.ARM.Collect$$rtentry$$00000007)
    __rt_entry_li                            0x00000551   Thumb Code     0  __rtentry2.o(.ARM.Collect$$rtentry$$0000000A)
    __rt_entry_postsh_1                      0x00000551   Thumb Code     0  __rtentry2.o(.ARM.Collect$$rtentry$$00000009)
    __rt_entry_main                          0x00000555   Thumb Code     0  __rtentry2.o(.ARM.Collect$$rtentry$$0000000D)
    __rt_entry_postli_1                      0x00000555   Thumb Code     0  __rtentry2.o(.ARM.Collect$$rtentry$$0000000C)
    __rt_exit                                0x00000561   Thumb Code     0  rtexit.o(.ARM.Collect$$rtexit$$00000000)
    __rt_exit_ls                             0x00000563   Thumb Code     0  rtexit2.o(.ARM.Collect$$rtexit$$00000003)
    __rt_exit_prels_1                        0x00000563   Thumb Code     0  rtexit2.o(.ARM.Collect$$rtexit$$00000002)
    __rt_exit_exit                           0x00000567   Thumb Code     0  rtexit2.o(.ARM.Collect$$rtexit$$00000004)
    __RAM_VECTOR_TABLE_SIZE                  0x0000056c   Data           4  startup_s32k144.o(.text)
    __VECTOR_RAM                             0x00000570   Data           4  startup_s32k144.o(.text)
    __VECTOR_ROM                             0x00000574   Data           4  startup_s32k144.o(.text)
    __VECTOR_ROM_START                       0x00000578   Data           4  startup_s32k144.o(.text)
    __VECTOR_ROM_END                         0x0000057c   Data           4  startup_s32k144.o(.text)
    __CODE_ROM                               0x00000580   Data           4  startup_s32k144.o(.text)
    __CODE_END                               0x00000584   Data           4  startup_s32k144.o(.text)
    __CODE_RAM                               0x00000588   Data           4  startup_s32k144.o(.text)
    __CODE_RAM_START                         0x0000058c   Data           4  startup_s32k144.o(.text)
    __CODE_RAM_END                           0x00000590   Data           4  startup_s32k144.o(.text)
    __BSS_START                              0x00000594   Data           4  startup_s32k144.o(.text)
    __BSS_END                                0x00000598   Data           4  startup_s32k144.o(.text)
    __DATA_RAM                               0x0000059c   Data           4  startup_s32k144.o(.text)
    __DATA_RAM_START                         0x000005a0   Data           4  startup_s32k144.o(.text)
    __DATA_RAM_END                           0x000005a4   Data           4  startup_s32k144.o(.text)
    __DATA_ROM                               0x000005a8   Data           4  startup_s32k144.o(.text)
    __DATA_END                               0x000005ac   Data           4  startup_s32k144.o(.text)
    __CUSTOM_SECTION_START                   0x000005b0   Data           4  startup_s32k144.o(.text)
    __CUSTOM_SECTION_END                     0x000005b4   Data           4  startup_s32k144.o(.text)
    __RAM_START                              0x000005b8   Data           4  startup_s32k144.o(.text)
    __RAM_END                                0x000005bc   Data           4  startup_s32k144.o(.text)
    Reset_Handler                            0x000005c1   Thumb Code    28  startup_s32k144.o(.text)
    NMI_Handler                              0x000005dd   Thumb Code     2  startup_s32k144.o(.text)
    HardFault_Handler                        0x000005df   Thumb Code     2  startup_s32k144.o(.text)
    MemManage_Handler                        0x000005e1   Thumb Code     2  startup_s32k144.o(.text)
    BusFault_Handler                         0x000005e3   Thumb Code     2  startup_s32k144.o(.text)
    UsageFault_Handler                       0x000005e5   Thumb Code     2  startup_s32k144.o(.text)
    SVC_Handler                              0x000005e7   Thumb Code     2  startup_s32k144.o(.text)
    DebugMon_Handler                         0x000005e9   Thumb Code     2  startup_s32k144.o(.text)
    PendSV_Handler                           0x000005eb   Thumb Code     2  startup_s32k144.o(.text)
    DefaultISR                               0x000005ef   Thumb Code     2  startup_s32k144.o(.text)
    ADC0_IRQHandler                          0x000005f1   Thumb Code     0  startup_s32k144.o(.text)
    ADC1_IRQHandler                          0x000005f1   Thumb Code     0  startup_s32k144.o(.text)
    CAN0_Error_IRQHandler                    0x000005f1   Thumb Code     0  startup_s32k144.o(.text)
    CAN0_ORed_0_15_MB_IRQHandler             0x000005f1   Thumb Code     0  startup_s32k144.o(.text)
    CAN0_ORed_16_31_MB_IRQHandler            0x000005f1   Thumb Code     0  startup_s32k144.o(.text)
    CAN0_ORed_IRQHandler                     0x000005f1   Thumb Code     0  startup_s32k144.o(.text)
    CAN0_Wake_Up_IRQHandler                  0x000005f1   Thumb Code     0  startup_s32k144.o(.text)
    CAN1_Error_IRQHandler                    0x000005f1   Thumb Code     0  startup_s32k144.o(.text)
    CAN1_ORed_0_15_MB_IRQHandler             0x000005f1   Thumb Code     0  startup_s32k144.o(.text)
    CAN1_ORed_IRQHandler                     0x000005f1   Thumb Code     0  startup_s32k144.o(.text)
    CAN2_Error_IRQHandler                    0x000005f1   Thumb Code     0  startup_s32k144.o(.text)
    CAN2_ORed_0_15_MB_IRQHandler             0x000005f1   Thumb Code     0  startup_s32k144.o(.text)
    CAN2_ORed_IRQHandler                     0x000005f1   Thumb Code     0  startup_s32k144.o(.text)
    CMP0_IRQHandler                          0x000005f1   Thumb Code     0  startup_s32k144.o(.text)
    DMA0_IRQHandler                          0x000005f1   Thumb Code     0  startup_s32k144.o(.text)
    DMA10_IRQHandler                         0x000005f1   Thumb Code     0  startup_s32k144.o(.text)
    DMA11_IRQHandler                         0x000005f1   Thumb Code     0  startup_s32k144.o(.text)
    DMA12_IRQHandler                         0x000005f1   Thumb Code     0  startup_s32k144.o(.text)
    DMA13_IRQHandler                         0x000005f1   Thumb Code     0  startup_s32k144.o(.text)
    DMA14_IRQHandler                         0x000005f1   Thumb Code     0  startup_s32k144.o(.text)
    DMA15_IRQHandler                         0x000005f1   Thumb Code     0  startup_s32k144.o(.text)
    DMA1_IRQHandler                          0x000005f1   Thumb Code     0  startup_s32k144.o(.text)
    DMA2_IRQHandler                          0x000005f1   Thumb Code     0  startup_s32k144.o(.text)
    DMA3_IRQHandler                          0x000005f1   Thumb Code     0  startup_s32k144.o(.text)
    DMA4_IRQHandler                          0x000005f1   Thumb Code     0  startup_s32k144.o(.text)
    DMA5_IRQHandler                          0x000005f1   Thumb Code     0  startup_s32k144.o(.text)
    DMA6_IRQHandler                          0x000005f1   Thumb Code     0  startup_s32k144.o(.text)
    DMA7_IRQHandler                          0x000005f1   Thumb Code     0  startup_s32k144.o(.text)
    DMA8_IRQHandler                          0x000005f1   Thumb Code     0  startup_s32k144.o(.text)
    DMA9_IRQHandler                          0x000005f1   Thumb Code     0  startup_s32k144.o(.text)
    DMA_Error_IRQHandler                     0x000005f1   Thumb Code     0  startup_s32k144.o(.text)
    ERM_double_fault_IRQHandler              0x000005f1   Thumb Code     0  startup_s32k144.o(.text)
    ERM_single_fault_IRQHandler              0x000005f1   Thumb Code     0  startup_s32k144.o(.text)
    FLEXIO_IRQHandler                        0x000005f1   Thumb Code     0  startup_s32k144.o(.text)
    FTFC_Fault_IRQHandler                    0x000005f1   Thumb Code     0  startup_s32k144.o(.text)
    FTFC_IRQHandler                          0x000005f1   Thumb Code     0  startup_s32k144.o(.text)
    FTM0_Ch0_Ch1_IRQHandler                  0x000005f1   Thumb Code     0  startup_s32k144.o(.text)
    FTM0_Ch2_Ch3_IRQHandler                  0x000005f1   Thumb Code     0  startup_s32k144.o(.text)
    FTM0_Ch4_Ch5_IRQHandler                  0x000005f1   Thumb Code     0  startup_s32k144.o(.text)
    FTM0_Ch6_Ch7_IRQHandler                  0x000005f1   Thumb Code     0  startup_s32k144.o(.text)
    FTM0_Fault_IRQHandler                    0x000005f1   Thumb Code     0  startup_s32k144.o(.text)
    FTM0_Ovf_Reload_IRQHandler               0x000005f1   Thumb Code     0  startup_s32k144.o(.text)
    FTM1_Ch0_Ch1_IRQHandler                  0x000005f1   Thumb Code     0  startup_s32k144.o(.text)
    FTM1_Ch2_Ch3_IRQHandler                  0x000005f1   Thumb Code     0  startup_s32k144.o(.text)
    FTM1_Ch4_Ch5_IRQHandler                  0x000005f1   Thumb Code     0  startup_s32k144.o(.text)
    FTM1_Ch6_Ch7_IRQHandler                  0x000005f1   Thumb Code     0  startup_s32k144.o(.text)
    FTM1_Fault_IRQHandler                    0x000005f1   Thumb Code     0  startup_s32k144.o(.text)
    FTM1_Ovf_Reload_IRQHandler               0x000005f1   Thumb Code     0  startup_s32k144.o(.text)
    FTM2_Ch0_Ch1_IRQHandler                  0x000005f1   Thumb Code     0  startup_s32k144.o(.text)
    FTM2_Ch2_Ch3_IRQHandler                  0x000005f1   Thumb Code     0  startup_s32k144.o(.text)
    FTM2_Ch4_Ch5_IRQHandler                  0x000005f1   Thumb Code     0  startup_s32k144.o(.text)
    FTM2_Ch6_Ch7_IRQHandler                  0x000005f1   Thumb Code     0  startup_s32k144.o(.text)
    FTM2_Fault_IRQHandler                    0x000005f1   Thumb Code     0  startup_s32k144.o(.text)
    FTM2_Ovf_Reload_IRQHandler               0x000005f1   Thumb Code     0  startup_s32k144.o(.text)
    FTM3_Ch0_Ch1_IRQHandler                  0x000005f1   Thumb Code     0  startup_s32k144.o(.text)
    FTM3_Ch2_Ch3_IRQHandler                  0x000005f1   Thumb Code     0  startup_s32k144.o(.text)
    FTM3_Ch4_Ch5_IRQHandler                  0x000005f1   Thumb Code     0  startup_s32k144.o(.text)
    FTM3_Ch6_Ch7_IRQHandler                  0x000005f1   Thumb Code     0  startup_s32k144.o(.text)
    FTM3_Fault_IRQHandler                    0x000005f1   Thumb Code     0  startup_s32k144.o(.text)
    FTM3_Ovf_Reload_IRQHandler               0x000005f1   Thumb Code     0  startup_s32k144.o(.text)
    LPI2C0_Master_IRQHandler                 0x000005f1   Thumb Code     0  startup_s32k144.o(.text)
    LPI2C0_Slave_IRQHandler                  0x000005f1   Thumb Code     0  startup_s32k144.o(.text)
    LPIT0_Ch2_IRQHandler                     0x000005f1   Thumb Code     0  startup_s32k144.o(.text)
    LPIT0_Ch3_IRQHandler                     0x000005f1   Thumb Code     0  startup_s32k144.o(.text)
    LPSPI0_IRQHandler                        0x000005f1   Thumb Code     0  startup_s32k144.o(.text)
    LPSPI1_IRQHandler                        0x000005f1   Thumb Code     0  startup_s32k144.o(.text)
    LPSPI2_IRQHandler                        0x000005f1   Thumb Code     0  startup_s32k144.o(.text)
    LPTMR0_IRQHandler                        0x000005f1   Thumb Code     0  startup_s32k144.o(.text)
    LPUART0_RxTx_IRQHandler                  0x000005f1   Thumb Code     0  startup_s32k144.o(.text)
    LPUART2_RxTx_IRQHandler                  0x000005f1   Thumb Code     0  startup_s32k144.o(.text)
    LVD_LVW_IRQHandler                       0x000005f1   Thumb Code     0  startup_s32k144.o(.text)
    MCM_IRQHandler                           0x000005f1   Thumb Code     0  startup_s32k144.o(.text)
    PDB0_IRQHandler                          0x000005f1   Thumb Code     0  startup_s32k144.o(.text)
    PDB1_IRQHandler                          0x000005f1   Thumb Code     0  startup_s32k144.o(.text)
    PORTA_IRQHandler                         0x000005f1   Thumb Code     0  startup_s32k144.o(.text)
    PORTB_IRQHandler                         0x000005f1   Thumb Code     0  startup_s32k144.o(.text)
    PORTD_IRQHandler                         0x000005f1   Thumb Code     0  startup_s32k144.o(.text)
    PORTE_IRQHandler                         0x000005f1   Thumb Code     0  startup_s32k144.o(.text)
    RCM_IRQHandler                           0x000005f1   Thumb Code     0  startup_s32k144.o(.text)
    RTC_IRQHandler                           0x000005f1   Thumb Code     0  startup_s32k144.o(.text)
    RTC_Seconds_IRQHandler                   0x000005f1   Thumb Code     0  startup_s32k144.o(.text)
    Read_Collision_IRQHandler                0x000005f1   Thumb Code     0  startup_s32k144.o(.text)
    Reserved100_IRQHandler                   0x000005f1   Thumb Code     0  startup_s32k144.o(.text)
    Reserved103_IRQHandler                   0x000005f1   Thumb Code     0  startup_s32k144.o(.text)
    Reserved105_IRQHandler                   0x000005f1   Thumb Code     0  startup_s32k144.o(.text)
    Reserved106_IRQHandler                   0x000005f1   Thumb Code     0  startup_s32k144.o(.text)
    Reserved107_IRQHandler                   0x000005f1   Thumb Code     0  startup_s32k144.o(.text)
    Reserved110_IRQHandler                   0x000005f1   Thumb Code     0  startup_s32k144.o(.text)
    Reserved112_IRQHandler                   0x000005f1   Thumb Code     0  startup_s32k144.o(.text)
    Reserved113_IRQHandler                   0x000005f1   Thumb Code     0  startup_s32k144.o(.text)
    Reserved114_IRQHandler                   0x000005f1   Thumb Code     0  startup_s32k144.o(.text)
    Reserved45_IRQHandler                    0x000005f1   Thumb Code     0  startup_s32k144.o(.text)
    Reserved46_IRQHandler                    0x000005f1   Thumb Code     0  startup_s32k144.o(.text)
    Reserved48_IRQHandler                    0x000005f1   Thumb Code     0  startup_s32k144.o(.text)
    Reserved50_IRQHandler                    0x000005f1   Thumb Code     0  startup_s32k144.o(.text)
    Reserved52_IRQHandler                    0x000005f1   Thumb Code     0  startup_s32k144.o(.text)
    Reserved53_IRQHandler                    0x000005f1   Thumb Code     0  startup_s32k144.o(.text)
    Reserved54_IRQHandler                    0x000005f1   Thumb Code     0  startup_s32k144.o(.text)
    Reserved58_IRQHandler                    0x000005f1   Thumb Code     0  startup_s32k144.o(.text)
    Reserved59_IRQHandler                    0x000005f1   Thumb Code     0  startup_s32k144.o(.text)
    Reserved69_IRQHandler                    0x000005f1   Thumb Code     0  startup_s32k144.o(.text)
    Reserved70_IRQHandler                    0x000005f1   Thumb Code     0  startup_s32k144.o(.text)
    Reserved71_IRQHandler                    0x000005f1   Thumb Code     0  startup_s32k144.o(.text)
    Reserved72_IRQHandler                    0x000005f1   Thumb Code     0  startup_s32k144.o(.text)
    Reserved81_IRQHandler                    0x000005f1   Thumb Code     0  startup_s32k144.o(.text)
    Reserved82_IRQHandler                    0x000005f1   Thumb Code     0  startup_s32k144.o(.text)
    Reserved83_IRQHandler                    0x000005f1   Thumb Code     0  startup_s32k144.o(.text)
    Reserved86_IRQHandler                    0x000005f1   Thumb Code     0  startup_s32k144.o(.text)
    Reserved87_IRQHandler                    0x000005f1   Thumb Code     0  startup_s32k144.o(.text)
    Reserved88_IRQHandler                    0x000005f1   Thumb Code     0  startup_s32k144.o(.text)
    Reserved89_IRQHandler                    0x000005f1   Thumb Code     0  startup_s32k144.o(.text)
    Reserved90_IRQHandler                    0x000005f1   Thumb Code     0  startup_s32k144.o(.text)
    Reserved91_IRQHandler                    0x000005f1   Thumb Code     0  startup_s32k144.o(.text)
    Reserved92_IRQHandler                    0x000005f1   Thumb Code     0  startup_s32k144.o(.text)
    Reserved93_IRQHandler                    0x000005f1   Thumb Code     0  startup_s32k144.o(.text)
    Reserved99_IRQHandler                    0x000005f1   Thumb Code     0  startup_s32k144.o(.text)
    SCG_IRQHandler                           0x000005f1   Thumb Code     0  startup_s32k144.o(.text)
    SWI_IRQHandler                           0x000005f1   Thumb Code     0  startup_s32k144.o(.text)
    WDOG_EWM_IRQHandler                      0x000005f1   Thumb Code     0  startup_s32k144.o(.text)
    strlen                                   0x00000609   Thumb Code    62  strlen.o(.text)
    exit                                     0x00000647   Thumb Code    18  exit.o(.text)
    __I$use$semihosting                      0x00000659   Thumb Code     0  use_no_semi.o(.text)
    __use_no_semihosting_swi                 0x00000659   Thumb Code     2  use_no_semi.o(.text)
    __semihosting_library_function           0x0000065b   Thumb Code     0  indicate_semi.o(.text)
    _sys_exit                                0x0000065d   Thumb Code     8  sys_exit.o(.text)
    Assign_Time_Date_Value_LED               0x00000669   Thumb Code   346  mock_function.o(.text.Assign_Time_Date_Value_LED)
    CheckBit                                 0x000007c5   Thumb Code    10  basic_function.o(.text.CheckBit)
    Check_Alarm_Time                         0x000007d1   Thumb Code   100  mock_function.o(.text.Check_Alarm_Time)
    Clock_Source_LPSPI                       0x00000835   Thumb Code    56  lpspi.o(.text.Clock_Source_LPSPI)
    Clock_Source_LPUART                      0x00000871   Thumb Code    54  lpuart_function.o(.text.Clock_Source_LPUART)
    Config_LPSPI_PCS                         0x000008a9   Thumb Code    44  lpspi.o(.text.Config_LPSPI_PCS)
    Count_Date                               0x000008d5   Thumb Code   610  mock_function.o(.text.Count_Date)
    Count_Date_Time                          0x00000b39   Thumb Code    14  mock_function.o(.text.Count_Date_Time)
    Count_Time                               0x00000b49   Thumb Code   290  mock_function.o(.text.Count_Time)
    Display_Date                             0x00000c6d   Thumb Code   328  mock_function.o(.text.Display_Date)
    Display_Time                             0x00000db5   Thumb Code   284  mock_function.o(.text.Display_Time)
    Enable_LPSPI                             0x00000ed1   Thumb Code    46  lpspi.o(.text.Enable_LPSPI)
    Enable_LPUART                            0x00000f01   Thumb Code    58  lpuart_function.o(.text.Enable_LPUART)
    Gpio_Init                                0x00000f3d   Thumb Code   108  basic_function.o(.text.Gpio_Init)
    Gpio_SetMode                             0x00000fa9   Thumb Code  1376  basic_function.o(.text.Gpio_SetMode)
    Init_Available_Peripheral_Clock          0x00001521   Thumb Code    96  clock.o(.text.Init_Available_Peripheral_Clock)
    LPIT0_Ch0_IRQHandler                     0x00001581   Thumb Code    82  irq_function.o(.text.LPIT0_Ch0_IRQHandler)
    LPIT0_Ch1_IRQHandler                     0x000015d5   Thumb Code    48  irq_function.o(.text.LPIT0_Ch1_IRQHandler)
    LPIT_Config                              0x00001605   Thumb Code   140  lpit.o(.text.LPIT_Config)
    LPIT_Init                                0x00001691   Thumb Code    36  lpit.o(.text.LPIT_Init)
    LPIT_Initilazation                       0x000016b5   Thumb Code    34  lpit.o(.text.LPIT_Initilazation)
    LPSPI_CPOL_CPHA                          0x000016d9   Thumb Code    58  lpspi.o(.text.LPSPI_CPOL_CPHA)
    LPSPI_Config_Mode                        0x00001715   Thumb Code    78  lpspi.o(.text.LPSPI_Config_Mode)
    LPSPI_Frame_Data                         0x00001765   Thumb Code    50  lpspi.o(.text.LPSPI_Frame_Data)
    LPSPI_Setting_Clock                      0x00001799   Thumb Code    72  lpspi.o(.text.LPSPI_Setting_Clock)
    LPSPI_Transmit_Receive_FIFO              0x000017e1   Thumb Code   102  lpspi.o(.text.LPSPI_Transmit_Receive_FIFO)
    LPUART1_RxTx_IRQHandler                  0x00001849   Thumb Code    36  irq_function.o(.text.LPUART1_RxTx_IRQHandler)
    LPUART_Interrupt                         0x0000186d   Thumb Code    58  lpuart_function.o(.text.LPUART_Interrupt)
    LPUART_RxTx_Config                       0x000018a9   Thumb Code    96  lpuart_function.o(.text.LPUART_RxTx_Config)
    NVIC                                     0x00001909   Thumb Code    32  basic_function.o(.text.NVIC)
    PORTC_IRQHandler                         0x00001929   Thumb Code    96  irq_function.o(.text.PORTC_IRQHandler)
    Receive_Alarm_LPUART                     0x00001989   Thumb Code   298  mock_function.o(.text.Receive_Alarm_LPUART)
    Receive_Date_LPUART                      0x00001ab5   Thumb Code   884  mock_function.o(.text.Receive_Date_LPUART)
    Receive_Time_Data                        0x00001e29   Thumb Code    18  mock_function.o(.text.Receive_Time_Data)
    Receive_Time_LPUART                      0x00001e3d   Thumb Code   382  mock_function.o(.text.Receive_Time_LPUART)
    SetClearBit                              0x00001fbd   Thumb Code    38  basic_function.o(.text.SetClearBit)
    SetClearListOfBit                        0x00001fe5   Thumb Code   132  basic_function.o(.text.SetClearListOfBit)
    Set_Baud_Rate                            0x00002069   Thumb Code    80  lpuart_function.o(.text.Set_Baud_Rate)
    Set_Frame                                0x000020bd   Thumb Code    94  lpuart_function.o(.text.Set_Frame)
    Setting_LPSPI_Pin                        0x0000211d   Thumb Code    96  lpspi.o(.text.Setting_LPSPI_Pin)
    SysTick_Handler                          0x0000217d   Thumb Code     2  irq_function.o(.text.SysTick_Handler)
    SystemInit                               0x00002181   Thumb Code    64  system_s32k144.o(.text.SystemInit)
    Transmit                                 0x000021c1   Thumb Code    40  mock_function.o(.text.Transmit)
    init_data_bss                            0x000021e9   Thumb Code    80  startup.o(.text.init_data_bss)
    main                                     0x00002239   Thumb Code   452  main.o(.text.main)
    _fp_init                                 0x0000240d   Thumb Code    26  fpinit.o(x$fpl$fpinit)
    __fplib_config_fpu_vfp                   0x00002425   Thumb Code     0  fpinit.o(x$fpl$fpinit)
    __fplib_config_pureend_doubles           0x00002425   Thumb Code     0  fpinit.o(x$fpl$fpinit)
    Region$$Table$$Base                      0x00002428   Number         0  anon$$obj.o(Region$$Table)
    Image$$ER_m_text$$Limit                  0x00002448   Number         0  anon$$obj.o ABSOLUTE
    Region$$Table$$Limit                     0x00002448   Number         0  anon$$obj.o(Region$$Table)
    Image$$VECTOR_RAM$$Base                  0x1fff8000   Number         0  anon$$obj.o ABSOLUTE
    Image$$RW_m_data$$Base                   0x1fff8400   Number         0  anon$$obj.o ABSOLUTE
    cAlarmHour                               0x1fff8400   Data           1  mock_function.o(.data.cAlarmHour)
    cAlarmMinute                             0x1fff8401   Data           1  mock_function.o(.data.cAlarmMinute)
    cAlarmSecond                             0x1fff8402   Data           1  mock_function.o(.data.cAlarmSecond)
    cCountDay                                0x1fff8404   Data           2  mock_function.o(.data.cCountDay)
    cCountHour                               0x1fff8406   Data           2  mock_function.o(.data.cCountHour)
    cCountMinute                             0x1fff8408   Data           2  mock_function.o(.data.cCountMinute)
    cCountMonth                              0x1fff840a   Data           2  mock_function.o(.data.cCountMonth)
    cCountSecond                             0x1fff840c   Data           2  mock_function.o(.data.cCountSecond)
    cCountYear_1                             0x1fff840e   Data           2  mock_function.o(.data.cCountYear_1)
    cCountYear_2                             0x1fff8410   Data           2  mock_function.o(.data.cCountYear_2)
    cCountYear_3                             0x1fff8412   Data           2  mock_function.o(.data.cCountYear_3)
    cDay                                     0x1fff8414   Data           2  mock_function.o(.data.cDay)
    cDayVar                                  0x1fff8416   Data           1  mock_function.o(.data.cDayVar)
    cHour                                    0x1fff8418   Data           2  mock_function.o(.data.cHour)
    cMinute                                  0x1fff841a   Data           2  mock_function.o(.data.cMinute)
    cMonth                                   0x1fff841c   Data           2  mock_function.o(.data.cMonth)
    cMonthVar                                0x1fff841e   Data           1  mock_function.o(.data.cMonthVar)
    cSecond                                  0x1fff8420   Data           2  mock_function.o(.data.cSecond)
    cYear                                    0x1fff8422   Data           2  mock_function.o(.data.cYear)
    cYearVar                                 0x1fff8424   Data           2  mock_function.o(.data.cYearVar)
    Image$$RW_m_code$$Base                   0x1fff8428   Number         0  anon$$obj.o ABSOLUTE
    Image$$RW_m_code$$Limit                  0x1fff8428   Number         0  anon$$obj.o ABSOLUTE
    Image$$RW_m_data$$Limit                  0x1fff8428   Number         0  anon$$obj.o ABSOLUTE
    Image$$RW_m_custom_section$$Base         0x20000000   Number         0  anon$$obj.o ABSOLUTE
    Image$$RW_m_custom_section$$Limit        0x20000000   Number         0  anon$$obj.o ABSOLUTE
    Image$$RW_m_data_2$$ZI$$Base             0x20000000   Number         0  anon$$obj.o ABSOLUTE
    cAlarmCheck                              0x20000000   Data           1  mock_function.o(.bss.cAlarmCheck)
    cAlarmHourUART                           0x20000001   Data           1  mock_function.o(.bss.cAlarmHourUART)
    cAlarmMinuteUART                         0x20000002   Data           1  mock_function.o(.bss.cAlarmMinuteUART)
    cAlarmSecondUART                         0x20000003   Data           1  mock_function.o(.bss.cAlarmSecondUART)
    cButton1                                 0x20000004   Data           1  irq_function.o(.bss.cButton1)
    cButton2                                 0x20000005   Data           1  irq_function.o(.bss.cButton2)
    cCountBlink                              0x20000006   Data           1  irq_function.o(.bss.cCountBlink)
    cHourVar                                 0x20000007   Data           1  mock_function.o(.bss.cHourVar)
    cMinuteVar                               0x20000008   Data           1  mock_function.o(.bss.cMinuteVar)
    cNumOfChar                               0x20000009   Data           1  mock_function.o(.bss.cNumOfChar)
    cSecondVar                               0x2000000a   Data           1  mock_function.o(.bss.cSecondVar)
    sReceiveData                             0x2000000c   Data          20  mock_function.o(.bss.sReceiveData)
    Image$$ARM_LIB_HEAP$$ZI$$Base            0x20000020   Number         0  anon$$obj.o ABSOLUTE
    Image$$RW_m_data_2$$ZI$$Limit            0x20000020   Number         0  anon$$obj.o ABSOLUTE
    Image$$ARM_LIB_HEAP$$ZI$$Limit           0x20000420   Number         0  anon$$obj.o ABSOLUTE
    Image$$ARM_LIB_STACK$$Limit              0x20006c00   Number         0  anon$$obj.o ABSOLUTE
    Image$$ARM_LIB_STACK$$ZI$$Limit          0x20007000   Number         0  anon$$obj.o ABSOLUTE



==============================================================================

Memory Map of the image

  Image Entry point : 0x000004cd

  Load Region LR_m_text (Base: 0x00000000, Size: 0x00002470, Max: 0x00080000, ABSOLUTE)

    Execution Region VECTOR_ROM (Exec base: 0x00000000, Load base: 0x00000000, Size: 0x00000230, Max: 0x00000400, ABSOLUTE)

    Exec Addr    Load Addr    Size         Type   Attr      Idx    E Section Name        Object

    0x00000000   0x00000000   0x00000230   Data   RO          219    RESET               startup_s32k144.o


    Execution Region ER_m_flash_config (Exec base: 0x00000400, Load base: 0x00000400, Size: 0x00000010, Max: 0x00000010, ABSOLUTE, FIXED)

    Exec Addr    Load Addr    Size         Type   Attr      Idx    E Section Name        Object

    0x00000400   0x00000400   0x00000010   Data   RO          220    FlashConfig         startup_s32k144.o


    Execution Region ER_m_text_const (Exec base: 0x00000410, Load base: 0x00000410, Size: 0x000000bc, Max: 0xffffffff, ABSOLUTE)

    Exec Addr    Load Addr    Size         Type   Attr      Idx    E Section Name        Object

    0x00000410   0x00000410   0x0000000c   Data   RO          192    .rodata..Lswitch.table.Days_In_Month_30_Or_31_Days  mock_function.o
    0x0000041c   0x0000041c   0x0000001e   Data   RO           31    .rodata.str1.1      basic_function.o
    0x0000043a   0x0000043a   0x00000092   Data   RO          191    .rodata.str1.1      mock_function.o


    Execution Region ER_m_text (Exec base: 0x000004cc, Load base: 0x000004cc, Size: 0x00001f7c, Max: 0x0007fbf0, ABSOLUTE)

    Exec Addr    Load Addr    Size         Type   Attr      Idx    E Section Name        Object

    0x000004cc   0x000004cc   0x00000008   Code   RO          245  * !!!main             c_w.l(__main.o)
    0x000004d4   0x000004d4   0x00000034   Code   RO          423    !!!scatter          c_w.l(__scatter.o)
    0x00000508   0x00000508   0x0000001a   Code   RO          425    !!handler_copy      c_w.l(__scatter_copy.o)
    0x00000522   0x00000522   0x00000002   PAD
    0x00000524   0x00000524   0x0000001c   Code   RO          427    !!handler_zi        c_w.l(__scatter_zi.o)
    0x00000540   0x00000540   0x00000002   Code   RO          277    .ARM.Collect$$libinit$$00000000  c_w.l(libinit.o)
    0x00000542   0x00000542   0x00000004   Code   RO          287    .ARM.Collect$$libinit$$00000001  c_w.l(libinit2.o)
    0x00000546   0x00000546   0x00000000   Code   RO          290    .ARM.Collect$$libinit$$00000004  c_w.l(libinit2.o)
    0x00000546   0x00000546   0x00000000   Code   RO          292    .ARM.Collect$$libinit$$00000006  c_w.l(libinit2.o)
    0x00000546   0x00000546   0x00000000   Code   RO          295    .ARM.Collect$$libinit$$0000000C  c_w.l(libinit2.o)
    0x00000546   0x00000546   0x00000000   Code   RO          297    .ARM.Collect$$libinit$$0000000E  c_w.l(libinit2.o)
    0x00000546   0x00000546   0x00000000   Code   RO          299    .ARM.Collect$$libinit$$00000010  c_w.l(libinit2.o)
    0x00000546   0x00000546   0x00000000   Code   RO          302    .ARM.Collect$$libinit$$00000013  c_w.l(libinit2.o)
    0x00000546   0x00000546   0x00000000   Code   RO          304    .ARM.Collect$$libinit$$00000015  c_w.l(libinit2.o)
    0x00000546   0x00000546   0x00000000   Code   RO          306    .ARM.Collect$$libinit$$00000017  c_w.l(libinit2.o)
    0x00000546   0x00000546   0x00000000   Code   RO          308    .ARM.Collect$$libinit$$00000019  c_w.l(libinit2.o)
    0x00000546   0x00000546   0x00000000   Code   RO          310    .ARM.Collect$$libinit$$0000001B  c_w.l(libinit2.o)
    0x00000546   0x00000546   0x00000000   Code   RO          312    .ARM.Collect$$libinit$$0000001D  c_w.l(libinit2.o)
    0x00000546   0x00000546   0x00000000   Code   RO          314    .ARM.Collect$$libinit$$0000001F  c_w.l(libinit2.o)
    0x00000546   0x00000546   0x00000000   Code   RO          316    .ARM.Collect$$libinit$$00000021  c_w.l(libinit2.o)
    0x00000546   0x00000546   0x00000000   Code   RO          318    .ARM.Collect$$libinit$$00000023  c_w.l(libinit2.o)
    0x00000546   0x00000546   0x00000000   Code   RO          320    .ARM.Collect$$libinit$$00000025  c_w.l(libinit2.o)
    0x00000546   0x00000546   0x00000000   Code   RO          322    .ARM.Collect$$libinit$$00000027  c_w.l(libinit2.o)
    0x00000546   0x00000546   0x00000000   Code   RO          326    .ARM.Collect$$libinit$$0000002E  c_w.l(libinit2.o)
    0x00000546   0x00000546   0x00000000   Code   RO          328    .ARM.Collect$$libinit$$00000030  c_w.l(libinit2.o)
    0x00000546   0x00000546   0x00000000   Code   RO          330    .ARM.Collect$$libinit$$00000032  c_w.l(libinit2.o)
    0x00000546   0x00000546   0x00000000   Code   RO          332    .ARM.Collect$$libinit$$00000034  c_w.l(libinit2.o)
    0x00000546   0x00000546   0x00000002   Code   RO          333    .ARM.Collect$$libinit$$00000035  c_w.l(libinit2.o)
    0x00000548   0x00000548   0x00000002   Code   RO          362    .ARM.Collect$$libshutdown$$00000000  c_w.l(libshutdown.o)
    0x0000054a   0x0000054a   0x00000000   Code   RO          374    .ARM.Collect$$libshutdown$$00000002  c_w.l(libshutdown2.o)
    0x0000054a   0x0000054a   0x00000000   Code   RO          376    .ARM.Collect$$libshutdown$$00000004  c_w.l(libshutdown2.o)
    0x0000054a   0x0000054a   0x00000000   Code   RO          379    .ARM.Collect$$libshutdown$$00000007  c_w.l(libshutdown2.o)
    0x0000054a   0x0000054a   0x00000000   Code   RO          382    .ARM.Collect$$libshutdown$$0000000A  c_w.l(libshutdown2.o)
    0x0000054a   0x0000054a   0x00000000   Code   RO          384    .ARM.Collect$$libshutdown$$0000000C  c_w.l(libshutdown2.o)
    0x0000054a   0x0000054a   0x00000000   Code   RO          387    .ARM.Collect$$libshutdown$$0000000F  c_w.l(libshutdown2.o)
    0x0000054a   0x0000054a   0x00000002   Code   RO          388    .ARM.Collect$$libshutdown$$00000010  c_w.l(libshutdown2.o)
    0x0000054c   0x0000054c   0x00000000   Code   RO          247    .ARM.Collect$$rtentry$$00000000  c_w.l(__rtentry.o)
    0x0000054c   0x0000054c   0x00000000   Code   RO          249    .ARM.Collect$$rtentry$$00000002  c_w.l(__rtentry2.o)
    0x0000054c   0x0000054c   0x00000004   Code   RO          263    .ARM.Collect$$rtentry$$00000007  c_w.l(__rtentry7.o)
    0x00000550   0x00000550   0x00000000   Code   RO          251    .ARM.Collect$$rtentry$$00000009  c_w.l(__rtentry2.o)
    0x00000550   0x00000550   0x00000004   Code   RO          252    .ARM.Collect$$rtentry$$0000000A  c_w.l(__rtentry2.o)
    0x00000554   0x00000554   0x00000000   Code   RO          254    .ARM.Collect$$rtentry$$0000000C  c_w.l(__rtentry2.o)
    0x00000554   0x00000554   0x00000008   Code   RO          255    .ARM.Collect$$rtentry$$0000000D  c_w.l(__rtentry2.o)
    0x0000055c   0x0000055c   0x00000004   Code   RO          264    .ARM.Collect$$rtentry$$00002718  c_w.l(__rtentry7.o)
    0x00000560   0x00000560   0x00000002   Code   RO          285    .ARM.Collect$$rtexit$$00000000  c_w.l(rtexit.o)
    0x00000562   0x00000562   0x00000000   Code   RO          342    .ARM.Collect$$rtexit$$00000002  c_w.l(rtexit2.o)
    0x00000562   0x00000562   0x00000004   Code   RO          343    .ARM.Collect$$rtexit$$00000003  c_w.l(rtexit2.o)
    0x00000566   0x00000566   0x00000006   Code   RO          344    .ARM.Collect$$rtexit$$00000004  c_w.l(rtexit2.o)
    0x0000056c   0x0000056c   0x0000009c   Code   RO          218    .text               startup_s32k144.o
    0x00000608   0x00000608   0x0000003e   Code   RO          243    .text               c_w.l(strlen.o)
    0x00000646   0x00000646   0x00000012   Code   RO          270    .text               c_w.l(exit.o)
    0x00000658   0x00000658   0x00000002   Code   RO          338    .text               c_w.l(use_no_semi.o)
    0x0000065a   0x0000065a   0x00000000   Code   RO          340    .text               c_w.l(indicate_semi.o)
    0x0000065a   0x0000065a   0x00000002   PAD
    0x0000065c   0x0000065c   0x0000000c   Code   RO          352    .text               c_w.l(sys_exit.o)
    0x00000668   0x00000668   0x0000015a   Code   RO          152    .text.Assign_Time_Date_Value_LED  mock_function.o
    0x000007c2   0x000007c2   0x00000002   PAD
    0x000007c4   0x000007c4   0x0000000a   Code   RO           19    .text.CheckBit      basic_function.o
    0x000007ce   0x000007ce   0x00000002   PAD
    0x000007d0   0x000007d0   0x00000064   Code   RO          160    .text.Check_Alarm_Time  mock_function.o
    0x00000834   0x00000834   0x0000003c   Code   RO           88    .text.Clock_Source_LPSPI  lpspi.o
    0x00000870   0x00000870   0x00000036   Code   RO          114    .text.Clock_Source_LPUART  lpuart_function.o
    0x000008a6   0x000008a6   0x00000002   PAD
    0x000008a8   0x000008a8   0x0000002c   Code   RO           96    .text.Config_LPSPI_PCS  lpspi.o
    0x000008d4   0x000008d4   0x00000262   Code   RO          144    .text.Count_Date    mock_function.o
    0x00000b36   0x00000b36   0x00000002   PAD
    0x00000b38   0x00000b38   0x0000000e   Code   RO          140    .text.Count_Date_Time  mock_function.o
    0x00000b46   0x00000b46   0x00000002   PAD
    0x00000b48   0x00000b48   0x00000122   Code   RO          142    .text.Count_Time    mock_function.o
    0x00000c6a   0x00000c6a   0x00000002   PAD
    0x00000c6c   0x00000c6c   0x00000148   Code   RO          150    .text.Display_Date  mock_function.o
    0x00000db4   0x00000db4   0x0000011c   Code   RO          146    .text.Display_Time  mock_function.o
    0x00000ed0   0x00000ed0   0x0000002e   Code   RO          102    .text.Enable_LPSPI  lpspi.o
    0x00000efe   0x00000efe   0x00000002   PAD
    0x00000f00   0x00000f00   0x0000003a   Code   RO          120    .text.Enable_LPUART  lpuart_function.o
    0x00000f3a   0x00000f3a   0x00000002   PAD
    0x00000f3c   0x00000f3c   0x0000006c   Code   RO           21    .text.Gpio_Init     basic_function.o
    0x00000fa8   0x00000fa8   0x00000578   Code   RO           23    .text.Gpio_SetMode  basic_function.o
    0x00001520   0x00001520   0x00000060   Code   RO           40    .text.Init_Available_Peripheral_Clock  clock.o
    0x00001580   0x00001580   0x00000052   Code   RO           60    .text.LPIT0_Ch0_IRQHandler  irq_function.o
    0x000015d2   0x000015d2   0x00000002   PAD
    0x000015d4   0x000015d4   0x00000030   Code   RO           58    .text.LPIT0_Ch1_IRQHandler  irq_function.o
    0x00001604   0x00001604   0x0000008c   Code   RO           76    .text.LPIT_Config   lpit.o
    0x00001690   0x00001690   0x00000024   Code   RO           72    .text.LPIT_Init     lpit.o
    0x000016b4   0x000016b4   0x00000022   Code   RO           74    .text.LPIT_Initilazation  lpit.o
    0x000016d6   0x000016d6   0x00000002   PAD
    0x000016d8   0x000016d8   0x0000003a   Code   RO           92    .text.LPSPI_CPOL_CPHA  lpspi.o
    0x00001712   0x00001712   0x00000002   PAD
    0x00001714   0x00001714   0x0000004e   Code   RO          100    .text.LPSPI_Config_Mode  lpspi.o
    0x00001762   0x00001762   0x00000002   PAD
    0x00001764   0x00001764   0x00000032   Code   RO           94    .text.LPSPI_Frame_Data  lpspi.o
    0x00001796   0x00001796   0x00000002   PAD
    0x00001798   0x00001798   0x00000048   Code   RO           90    .text.LPSPI_Setting_Clock  lpspi.o
    0x000017e0   0x000017e0   0x00000066   Code   RO           98    .text.LPSPI_Transmit_Receive_FIFO  lpspi.o
    0x00001846   0x00001846   0x00000002   PAD
    0x00001848   0x00001848   0x00000024   Code   RO           56    .text.LPUART1_RxTx_IRQHandler  irq_function.o
    0x0000186c   0x0000186c   0x0000003a   Code   RO          122    .text.LPUART_Interrupt  lpuart_function.o
    0x000018a6   0x000018a6   0x00000002   PAD
    0x000018a8   0x000018a8   0x00000060   Code   RO          112    .text.LPUART_RxTx_Config  lpuart_function.o
    0x00001908   0x00001908   0x00000020   Code   RO           29    .text.NVIC          basic_function.o
    0x00001928   0x00001928   0x00000060   Code   RO           52    .text.PORTC_IRQHandler  irq_function.o
    0x00001988   0x00001988   0x0000012a   Code   RO          138    .text.Receive_Alarm_LPUART  mock_function.o
    0x00001ab2   0x00001ab2   0x00000002   PAD
    0x00001ab4   0x00001ab4   0x00000374   Code   RO          136    .text.Receive_Date_LPUART  mock_function.o
    0x00001e28   0x00001e28   0x00000012   Code   RO          132    .text.Receive_Time_Data  mock_function.o
    0x00001e3a   0x00001e3a   0x00000002   PAD
    0x00001e3c   0x00001e3c   0x0000017e   Code   RO          134    .text.Receive_Time_LPUART  mock_function.o
    0x00001fba   0x00001fba   0x00000002   PAD
    0x00001fbc   0x00001fbc   0x00000026   Code   RO           15    .text.SetClearBit   basic_function.o
    0x00001fe2   0x00001fe2   0x00000002   PAD
    0x00001fe4   0x00001fe4   0x00000084   Code   RO           17    .text.SetClearListOfBit  basic_function.o
    0x00002068   0x00002068   0x00000054   Code   RO          116    .text.Set_Baud_Rate  lpuart_function.o
    0x000020bc   0x000020bc   0x0000005e   Code   RO          118    .text.Set_Frame     lpuart_function.o
    0x0000211a   0x0000211a   0x00000002   PAD
    0x0000211c   0x0000211c   0x00000060   Code   RO           86    .text.Setting_LPSPI_Pin  lpspi.o
    0x0000217c   0x0000217c   0x00000002   Code   RO           54    .text.SysTick_Handler  irq_function.o
    0x0000217e   0x0000217e   0x00000002   PAD
    0x00002180   0x00002180   0x00000040   Code   RO          227    .text.SystemInit    system_s32k144.o
    0x000021c0   0x000021c0   0x00000028   Code   RO          148    .text.Transmit      mock_function.o
    0x000021e8   0x000021e8   0x00000050   Code   RO          210    .text.init_data_bss  startup.o
    0x00002238   0x00002238   0x000001d4   Code   RO            5    .text.main          main.o
    0x0000240c   0x0000240c   0x0000001a   Code   RO          350    x$fpl$fpinit        fz_wm.l(fpinit.o)
    0x00002426   0x00002426   0x00000002   PAD
    0x00002428   0x00002428   0x00000020   Data   RO          422    Region$$Table       anon$$obj.o


    Execution Region VECTOR_RAM (Exec base: 0x1fff8000, Load base: 0x00000230, Size: 0x00000400, Max: 0x00000400, ABSOLUTE)

    Exec Addr    Load Addr    Size         Type   Attr      Idx    E Section Name        Object

    0x1fff8000        -       0x00000400   Zero   RW            1    VECTOR_RAM.bss      anon$$obj.o


    Execution Region RW_m_data (Exec base: 0x1fff8400, Load base: 0x00002448, Size: 0x00000028, Max: 0xffffffff, ABSOLUTE)

    Exec Addr    Load Addr    Size         Type   Attr      Idx    E Section Name        Object

    0x1fff8400   0x00002448   0x00000001   Data   RW          187    .data.cAlarmHour    mock_function.o
    0x1fff8401   0x00002449   0x00000001   Data   RW          186    .data.cAlarmMinute  mock_function.o
    0x1fff8402   0x0000244a   0x00000001   Data   RW          185    .data.cAlarmSecond  mock_function.o
    0x1fff8403   0x0000244b   0x00000001   PAD
    0x1fff8404   0x0000244c   0x00000002   Data   RW          175    .data.cCountDay     mock_function.o
    0x1fff8406   0x0000244e   0x00000002   Data   RW          167    .data.cCountHour    mock_function.o
    0x1fff8408   0x00002450   0x00000002   Data   RW          165    .data.cCountMinute  mock_function.o
    0x1fff840a   0x00002452   0x00000002   Data   RW          173    .data.cCountMonth   mock_function.o
    0x1fff840c   0x00002454   0x00000002   Data   RW          163    .data.cCountSecond  mock_function.o
    0x1fff840e   0x00002456   0x00000002   Data   RW          169    .data.cCountYear_1  mock_function.o
    0x1fff8410   0x00002458   0x00000002   Data   RW          170    .data.cCountYear_2  mock_function.o
    0x1fff8412   0x0000245a   0x00000002   Data   RW          171    .data.cCountYear_3  mock_function.o
    0x1fff8414   0x0000245c   0x00000002   Data   RW          174    .data.cDay          mock_function.o
    0x1fff8416   0x0000245e   0x00000001   Data   RW          179    .data.cDayVar       mock_function.o
    0x1fff8417   0x0000245f   0x00000001   PAD
    0x1fff8418   0x00002460   0x00000002   Data   RW          166    .data.cHour         mock_function.o
    0x1fff841a   0x00002462   0x00000002   Data   RW          164    .data.cMinute       mock_function.o
    0x1fff841c   0x00002464   0x00000002   Data   RW          172    .data.cMonth        mock_function.o
    0x1fff841e   0x00002466   0x00000001   Data   RW          180    .data.cMonthVar     mock_function.o
    0x1fff841f   0x00002467   0x00000001   PAD
    0x1fff8420   0x00002468   0x00000002   Data   RW          162    .data.cSecond       mock_function.o
    0x1fff8422   0x0000246a   0x00000002   Data   RW          168    .data.cYear         mock_function.o
    0x1fff8424   0x0000246c   0x00000002   Data   RW          181    .data.cYearVar      mock_function.o


    Execution Region RW_m_code (Exec base: 0x1fff8428, Load base: 0x00002470, Size: 0x00000000, Max: 0x00007c00, ABSOLUTE)

    **** No section assigned to this execution region ****


    Execution Region RW_m_custom_section (Exec base: 0x20000000, Load base: 0x00002470, Size: 0x00000000, Max: 0xffffffff, ABSOLUTE)

    **** No section assigned to this execution region ****


    Execution Region RW_m_data_2 (Exec base: 0x20000000, Load base: 0x00002470, Size: 0x00000020, Max: 0x00006800, ABSOLUTE)

    Exec Addr    Load Addr    Size         Type   Attr      Idx    E Section Name        Object

    0x20000000        -       0x00000001   Zero   RW          188    .bss.cAlarmCheck    mock_function.o
    0x20000001        -       0x00000001   Zero   RW          184    .bss.cAlarmHourUART  mock_function.o
    0x20000002        -       0x00000001   Zero   RW          183    .bss.cAlarmMinuteUART  mock_function.o
    0x20000003        -       0x00000001   Zero   RW          182    .bss.cAlarmSecondUART  mock_function.o
    0x20000004        -       0x00000001   Zero   RW           62    .bss.cButton1       irq_function.o
    0x20000005        -       0x00000001   Zero   RW           63    .bss.cButton2       irq_function.o
    0x20000006        -       0x00000001   Zero   RW           64    .bss.cCountBlink    irq_function.o
    0x20000007        -       0x00000001   Zero   RW          178    .bss.cHourVar       mock_function.o
    0x20000008        -       0x00000001   Zero   RW          177    .bss.cMinuteVar     mock_function.o
    0x20000009        -       0x00000001   Zero   RW          189    .bss.cNumOfChar     mock_function.o
    0x2000000a        -       0x00000001   Zero   RW          176    .bss.cSecondVar     mock_function.o
    0x2000000b   0x00002470   0x00000001   PAD
    0x2000000c        -       0x00000014   Zero   RW          190    .bss.sReceiveData   mock_function.o


    Execution Region ARM_LIB_HEAP (Exec base: 0x20000020, Load base: 0x00002470, Size: 0x00000400, Max: 0x00000400, ABSOLUTE)

    Exec Addr    Load Addr    Size         Type   Attr      Idx    E Section Name        Object

    0x20000020        -       0x00000400   Zero   RW            2    ARM_LIB_HEAP.bss    anon$$obj.o


    Execution Region ARM_LIB_STACK (Exec base: 0x20006c00, Load base: 0x00002470, Size: 0x00000400, Max: 0x00000400, ABSOLUTE)

    Exec Addr    Load Addr    Size         Type   Attr      Idx    E Section Name        Object

    0x20006c00        -       0x00000400   Zero   RW            3    ARM_LIB_STACK.bss   anon$$obj.o


==============================================================================

Image component sizes


      Code (inc. data)   RO Data    RW Data    ZI Data      Debug   Object Name

      1720         40         30          0          0      13184   basic_function.o
        96          0          0          0          0       1799   clock.o
       264          0          0          0          3       3016   irq_function.o
       210          4          0          0          0       3425   lpit.o
       606         10          0          0          0       6485   lpspi.o
       444         10          0          0          0       5444   lpuart_function.o
       468         16          0          0          0        800   main.o
      3594          0        158         35         28       9586   mock_function.o
        80          0          0          0          0       1105   startup.o
       156        106        576          0          0        936   startup_s32k144.o
        64          0          0          0          0       3080   system_s32k144.o

    ----------------------------------------------------------------------
      7744        186        796         40       3104      48860   Object Totals
         0          0         32          0       3072          0   (incl. Generated)
        42          0          0          5          1          0   (incl. Padding)

    ----------------------------------------------------------------------

      Code (inc. data)   RO Data    RW Data    ZI Data      Debug   Library Member Name

         8          0          0          0          0         68   __main.o
         0          0          0          0          0          0   __rtentry.o
        12          0          0          0          0          0   __rtentry2.o
         8          4          0          0          0          0   __rtentry7.o
        52          8          0          0          0          0   __scatter.o
        26          0          0          0          0          0   __scatter_copy.o
        28          0          0          0          0          0   __scatter_zi.o
        18          0          0          0          0         80   exit.o
         0          0          0          0          0          0   indicate_semi.o
         2          0          0          0          0          0   libinit.o
         6          0          0          0          0          0   libinit2.o
         2          0          0          0          0          0   libshutdown.o
         2          0          0          0          0          0   libshutdown2.o
         2          0          0          0          0          0   rtexit.o
        10          0          0          0          0          0   rtexit2.o
        62          0          0          0          0         76   strlen.o
        12          4          0          0          0         68   sys_exit.o
         2          0          0          0          0         68   use_no_semi.o
        26          0          0          0          0        116   fpinit.o

    ----------------------------------------------------------------------
       284         16          0          0          0        476   Library Totals
         6          0          0          0          0          0   (incl. Padding)

    ----------------------------------------------------------------------

      Code (inc. data)   RO Data    RW Data    ZI Data      Debug   Library Name

       252         16          0          0          0        360   c_w.l
        26          0          0          0          0        116   fz_wm.l

    ----------------------------------------------------------------------
       284         16          0          0          0        476   Library Totals

    ----------------------------------------------------------------------

==============================================================================


      Code (inc. data)   RO Data    RW Data    ZI Data      Debug   

      8028        202        796         40       3104      49104   Grand Totals
      8028        202        796         40       3104      49104   ELF Image Totals
      8028        202        796         40          0          0   ROM Totals

==============================================================================

    Total RO  Size (Code + RO Data)                 8824 (   8.62kB)
    Total RW  Size (RW Data + ZI Data)              3144 (   3.07kB)
    Total ROM Size (Code + RO Data + RW Data)       8864 (   8.66kB)

==============================================================================

